LActRep+
<6>[    1.707804] pciehp 0000:00:15.1:pcie004: Slot #161 AttnBtn+ PwrCtrl+ MRL- AttnInd- PwrInd- HotPlug+ Surprise- Interlock- NoCompl+ LLActRep+
<6>[    1.707930] pciehp 0000:00:15.2:pcie004: Slot #162 AttnBtn+ PwrCtrl+ MRL- AttnInd- PwrInd- HotPlug+ Surprise- Interlock- NoCompl+ LLActRep+
<6>[    1.708307] pciehp 0000:00:15.3:pcie004: Slot #163 AttnBtn+ PwrCtrl+ MRL- AttnInd- PwrInd- HotPlug+ Surprise- Interlock- NoCompl+ LLActRep+
<6>[    1.708424] pciehp 0000:00:15.4:pcie004: Slot #164 AttnBtn+ PwrCtrl+ MRL- AttnInd- PwrInd- HotPlug+ Surprise- Interlock- NoCompl+ LLActRep+
<6>[    1.708536] pciehp 0000:00:15.5:pcie004: Slot #165 AttnBtn+ PwrCtrl+ MRL- AttnInd- PwrInd- HotPlug+ Surprise- Interlock- NoCompl+ LLActRep+
<6>[    1.708665] pciehp 0000:00:15.6:pcie004: Slot #166 AttnBtn+ PwrCtrl+ MRL- AttnInd- PwrInd- HotPlug+ Surprise- Interlock- NoCompl+ LLActRep+
<6>[    1.708787] pciehp 0000:00:15.7:pcie004: Slot #167 AttnBtn+ PwrCtrl+ MRL- AttnInd- PwrInd- HotPlug+ Surprise- Interlock- NoCompl+ LLActRep+
<6>[    1.708901] pciehp 0000:00:16.0:pcie004: Slot #192 AttnBtn+ PwrCtrl+ MRL- AttnInd- PwrInd- HotPlug+ Surprise- Interlock- NoCompl+ LLActRep+
<6>[    1.709010] pciehp 0000:00:16.1:pcie004: Slot #193 AttnBtn+ PwrCtrl+ MRL- AttnInd- PwrInd- HotPlug+ Surprise- Interlock- NoCompl+ LLActRep+
<6>[    1.709119] pciehp 0000:00:16.2:pcie004: Slot #194 AttnBtn+ PwrCtrl+ MRL- AttnInd- PwrInd- HotPlug+ Surprise- Interlock- NoCompl+ LLActRep+
<6>[    1.709242] pciehp 0000:00:16.3:pcie004: Slot #195 AttnBtn+ PwrCtrl+ MRL- AttnInd- PwrInd- HotPlug+ Surprise- Interlock- NoCompl+ LLActRep+
<6>[    1.709358] pciehp 0000:00:16.4:pcie004: Slot #196 AttnBtn+ PwrCtrl+ MRL- AttnInd- PwrInd- HotPlug+ Surprise- Interlock- NoCompl+ LLActRep+
<6>[    1.709473] pciehp 0000:00:16.5:pcie004: Slot #197 AttnBtn+ PwrCtrl+ MRL- AttnInd- PwrInd- HotPlug+ Surprise- Interlock- NoCompl+ LLActRep+
<6>[    1.709593] pciehp 0000:00:16.6:pcie004: Slot #198 AttnBtn+ PwrCtrl+ MRL- AttnInd- PwrInd- HotPlug+ Surprise- Interlock- NoCompl+ LLActRep+
<6>[    1.709703] pciehp 0000:00:16.7:pcie004: Slot #199 AttnBtn+ PwrCtrl+ MRL- AttnInd- PwrInd- HotPlug+ Surprise- Interlock- NoCompl+ LLActRep+
<6>[    1.709823] pciehp 0000:00:17.0:pcie004: Slot #224 AttnBtn+ PwrCtrl+ MRL- AttnInd- PwrInd- HotPlug+ Surprise- Interlock- NoCompl+ LLActRep+
<6>[    1.709930] pciehp 0000:00:17.1:pcie004: Slot #225 AttnBtn+ PwrCtrl+ MRL- AttnInd- PwrInd- HotPlug+ Surprise- Interlock- NoCompl+ LLActRep+
<6>[    1.710037] pciehp 0000:00:17.2:pcie004: Slot #226 AttnBtn+ PwrCtrl+ MRL- AttnInd- PwrInd- HotPlug+ Surprise- Interlock- NoCompl+ LLActRep+
<6>[    1.710144] pciehp 0000:00:17.3:pcie004: Slot #227 AttnBtn+ PwrCtrl+ MRL- AttnInd- PwrInd- HotPlug+ Surprise- Interlock- NoCompl+ LLActRep+
<6>[    1.710255] pciehp 0000:00:17.4:pcie004: Slot #228 AttnBtn+ PwrCtrl+ MRL- AttnInd- PwrInd- HotPlug+ Surprise- Interlock- NoCompl+ LLActRep+
<6>[    1.710469] pciehp 0000:00:17.5:pcie004: Slot #229 AttnBtn+ PwrCtrl+ MRL- AttnInd- PwrInd- HotPlug+ Surprise- Interlock- NoCompl+ LLActRep+
<6>[    1.710637] pciehp 0000:00:17.6:pcie004: Slot #230 AttnBtn+ PwrCtrl+ MRL- AttnInd- PwrInd- HotPlug+ Surprise- Interlock- NoCompl+ LLActRep+
<6>[    1.710826] pciehp 0000:00:17.7:pcie004: Slot #231 AttnBtn+ PwrCtrl+ MRL- AttnInd- PwrInd- HotPlug+ Surprise- Interlock- NoCompl+ LLActRep+
<6>[    1.711073] pciehp 0000:00:18.0:pcie004: Slot #256 AttnBtn+ PwrCtrl+ MRL- AttnInd- PwrInd- HotPlug+ Surprise- Interlock- NoCompl+ LLActRep+
<6>[    1.711295] pciehp 0000:00:18.1:pcie004: Slot #257 AttnBtn+ PwrCtrl+ MRL- AttnInd- PwrInd- HotPlug+ Surprise- Interlock- NoCompl+ LLActRep+
<6>[    1.711530] pciehp 0000:00:18.2:pcie004: Slot #258 AttnBtn+ PwrCtrl+ MRL- AttnInd- PwrInd- HotPlug+ Surprise- Interlock- NoCompl+ LLActRep+
<6>[    1.711749] pciehp 0000:00:18.3:pcie004: Slot #259 AttnBtn+ PwrCtrl+ MRL- AttnInd- PwrInd- HotPlug+ Surprise- Interlock- NoCompl+ LLActRep+
<6>[    1.711960] pciehp 0000:00:18.4:pcie004: Slot #260 AttnBtn+ PwrCtrl+ MRL- AttnInd- PwrInd- HotPlug+ Surprise- Interlock- NoCompl+ LLActRep+
<6>[    1.712207] pciehp 0000:00:18.5:pcie004: Slot #261 AttnBtn+ PwrCtrl+ MRL- AttnInd- PwrInd- HotPlug+ Surprise- Interlock- NoCompl+ LLActRep+
<6>[    1.712389] pciehp 0000:00:18.6:pcie004: Slot #262 AttnBtn+ PwrCtrl+ MRL- AttnInd- PwrInd- HotPlug+ Surprise- Interlock- NoCompl+ LLActRep+
<6>[    1.712548] pciehp 0000:00:18.7:pcie004: Slot #263 AttnBtn+ PwrCtrl+ MRL- AttnInd- PwrInd- HotPlug+ Surprise- Interlock- NoCompl+ LLActRep+
<7>[    1.712808] intel_idle: does not run on family 6 model 60
<6>[    1.713185] ACPI: AC Adapter [ACAD] (on-line)
<6>[    1.713322] input: Power Button as /devices/LNXSYSTM:00/LNXPWRBN:00/input/input0
<6>[    1.713408] ACPI: Power Button [PWRF]
<6>[    1.713989] GHES: HEST is not enabled!
<6>[    1.714070] Serial: 8250/16550 driver, 32 ports, IRQ sharing enabled
<6>[    1.751940] 00:05: ttyS0 at I/O 0x3f8 (irq = 4, base_baud = 115200) is a 16550A
<6>[    1.762426] Linux agpgart interface v0.103
<6>[    1.762519] agpgart-intel 0000:00:00.0: Intel 440BX Chipset
<6>[    1.762998] agpgart-intel 0000:00:00.0: AGP aperture is 256M @ 0x0
<6>[    1.766186] loop: module loaded
<7>[    1.766266] ata_piix 0000:00:07.1: version 2.13
<6>[    1.766692] scsi host0: ata_piix
<6>[    1.766836] scsi host1: ata_piix
<6>[    1.766863] ata1: PATA max UDMA/33 cmd 0x1f0 ctl 0x3f6 bmdma 0x1060 irq 14
<6>[    1.766863] ata2: PATA max UDMA/33 cmd 0x170 ctl 0x376 bmdma 0x1068 irq 15
<6>[    1.766933] libphy: Fixed MDIO Bus: probed
<6>[    1.766933] tun: Universal TUN/TAP device driver, 1.6
<6>[    1.766958] PPP generic driver version 2.4.2
<6>[    1.766982] ehci_hcd: USB 2.0 'Enhanced' Host Controller (EHCI) Driver
<6>[    1.766984] ehci-pci: EHCI PCI platform driver
<6>[    1.767283] ehci-pci 0000:02:03.0: EHCI Host Controller
<6>[    1.767287] ehci-pci 0000:02:03.0: new USB bus registered, assigned bus number 1
<7>[    1.767441] ehci-pci 0000:02:03.0: cache line size of 64 is not supported
<6>[    1.767484] ehci-pci 0000:02:03.0: irq 17, io mem 0xfd5ef000
<6>[    1.780565] ehci-pci 0000:02:03.0: USB 2.0 started, EHCI 1.00
<6>[    1.780621] usb usb1: New USB device found, idVendor=1d6b, idProduct=0002
<6>[    1.780622] usb usb1: New USB device strings: Mfr=3, Product=2, SerialNumber=1
<6>[    1.780623] usb usb1: Product: EHCI Host Controller
<6>[    1.780623] usb usb1: Manufacturer: Linux 4.13.0-32-generic ehci_hcd
<6>[    1.780624] usb usb1: SerialNumber: 0000:02:03.0
<6>[    1.780742] hub 1-0:1.0: USB hub found
<6>[    1.780745] hub 1-0:1.0: 6 ports detected
<6>[    1.780890] ehci-platform: EHCI generic platform driver
<6>[    1.780901] ohci_hcd: USB 1.1 'Open' Host Controller (OHCI) Driver
<6>[    1.780904] ohci-pci: OHCI PCI platform driver
<6>[    1.780915] ohci-platform: OHCI generic platform driver
<6>[    1.780919] uhci_hcd: USB Universal Host Controller Interface driver
<6>[    1.781225] uhci_hcd 0000:02:00.0: UHCI Host Controller
<6>[    1.781229] uhci_hcd 0000:02:00.0: new USB bus registered, assigned bus number 2
<6>[    1.781268] uhci_hcd 0000:02:00.0: detected 2 ports
<6>[    1.781470] uhci_hcd 0000:02:00.0: irq 18, io base 0x00002080
<6>[    1.781559] usb usb2: New USB device found, idVendor=1d6b, idProduct=0001
<6>[    1.781559] usb usb2: New USB device strings: Mfr=3, Product=2, SerialNumber=1
<6>[    1.781560] usb usb2: Product: UHCI Host Controller
<6>[    1.781561] usb usb2: Manufacturer: Linux 4.13.0-32-generic uhci_hcd
<6>[    1.781561] usb usb2: SerialNumber: 0000:02:00.0
<6>[    1.781668] hub 2-0:1.0: USB hub found
<6>[    1.781671] hub 2-0:1.0: 2 ports detected
<6>[    1.781821] i8042: PNP: PS/2 Controller [PNP0303:KBC,PNP0f13:MOUS] at 0x60,0x64 irq 1,12
<6>[    1.782457] serio: i8042 KBD port at 0x60,0x64 irq 1
<6>[    1.782461] serio: i8042 AUX port at 0x60,0x64 irq 12
<6>[    1.782598] mousedev: PS/2 mouse device common for all mice
<6>[    1.803107] rtc_cmos 00:01: rtc core: registered rtc_cmos as rtc0
<6>[    1.803244] rtc_cmos 00:01: alarms up to one month, y3k, 114 bytes nvram, hpet irqs
<6>[    1.803258] i2c /dev entries driver
<6>[    1.803317] device-mapper: uevent: version 1.0.3
<6>[    1.803479] device-mapper: ioctl: 4.37.0-ioctl (2017-09-20) initialised: dm-devel@redhat.com
<6>[    1.803703] ledtrig-cpu: registered to indicate activity on CPUs
<6>[    1.804131] input: AT Translated Set 2 keyboard as /devices/platform/i8042/serio0/input/input1
<6>[    1.804523] NET: Registered protocol family 10
<6>[    1.808516] Segment Routing with IPv6
<6>[    1.808532] NET: Registered protocol family 17
<5>[    1.808539] Key type dns_resolver registered
<6>[    1.808731] RAS: Correctable Errors collector initialized.
<6>[    1.808812] sched_clock: Marking stable (1808689785, 0)->(1974162969, -165473184)
<6>[    1.809292] registered taskstats version 1
<5>[    1.809300] Loading compiled-in X.509 certificates
<5>[    1.811582] Loaded X.509 cert 'Build time autogenerated kernel key: ea5b2e3dc303efbb5e4e4f76f9dbd395fda5b554'
<6>[    1.811632] zswap: loaded using pool lzo/zbud
<5>[    1.815931] Key type big_key registered
<5>[    1.815935] Key type trusted registered
<5>[    1.818499] Key type encrypted registered
<6>[    1.818503] AppArmor: AppArmor sha1 policy hashing enabled
<6>[    1.818505] ima: No TPM chip found, activating TPM-bypass! (rc=-19)
<6>[    1.818729] evm: HMAC attrs: 0x1
<6>[    1.824303]   Magic number: 10:428:305
<6>[    1.824380] tty tty34: hash matches
<6>[    1.824461] acpi device:9f: hash matches
<6>[    1.824636] rtc_cmos 00:01: setting system clock to 2018-03-01 01:19:19 UTC (1519867159)
<6>[    1.824981] BIOS EDD facility v0.16 2004-Jun-25, 0 devices found
<6>[    1.824982] EDD information not available.
<7>[    1.825015] PM: Hibernation image not present or could not be loaded.
<6>[    1.948293] Freeing unused kernel memory: 2364K
<6>[    1.948294] Write protecting the kernel read-only data: 18432k
<6>[    1.948773] Freeing unused kernel memory: 2024K
<6>[    1.949010] Freeing unused kernel memory: 92K
<6>[    1.950370] x86/mm: Checked W+X mappings: passed, no W+X pages found.
<6>[    1.950370] x86/mm: Checking user space page tables
<6>[    1.951674] x86/mm: Checked W+X mappings: passed, no W+X pages found.
<6>[    2.292193] usb 2-1: new full-speed USB device number 2 using uhci_hcd
<6>[    2.292216] usb 1-1: new high-speed USB device number 2 using ehci-pci
<7>[    2.541407] ahci 0000:02:05.0: version 3.0
<6>[    2.558186] ahci 0000:02:05.0: AHCI 0001.0300 32 slots 30 ports 6 Gbps 0x3fffffff impl SATA mode
<6>[    2.558189] ahci 0000:02:05.0: flags: 64bit ncq clo only 
<6>[    2.563213] e1000: Intel(R) PRO/1000 Network Driver - version 7.3.21-k8-NAPI
<6>[    2.563214] e1000: Copyright (c) 1999-2006 Intel Corporation.
<6>[    2.572590] Fusion MPT base driver 3.04.20
<6>[    2.572590] Copyright (c) 1999-2008 LSI Corporation
<6>[    2.574414] input: VirtualPS/2 VMware VMMouse as /devices/platform/i8042/serio1/input/input4
<6>[    2.574888] input: VirtualPS/2 VMware VMMouse as /devices/platform/i8042/serio1/input/input3
<6>[    2.581522] Fusion MPT SPI Host driver 3.04.20
<6>[    2.592096] mptbase: ioc0: Initiating bringup
<6>[    2.619841] scsi host2: ahci
<6>[    2.620194] scsi host3: ahci
<6>[    2.620575] scsi host4: ahci
<6>[    2.621123] scsi host5: ahci
<6>[    2.621644] scsi host6: ahci
<6>[    2.622210] scsi host7: ahci
<6>[    2.622936] scsi host8: ahci
<6>[    2.623539] scsi host9: ahci
<6>[    2.624171] scsi host10: ahci
<6>[    2.624710] scsi host11: ahci
<6>[    2.625129] scsi host12: ahci
<6>[    2.625587] scsi host13: ahci
<6>[    2.626020] scsi host14: ahci
<6>[    2.627164] scsi host15: ahci
<6>[    2.627536] scsi host16: ahci
<6>[    2.628381] scsi host17: ahci
<6>[    2.630049] scsi host18: ahci
<6>[    2.631842] scsi host19: ahci
<6>[    2.649690] usb 2-1: New USB device found, idVendor=0e0f, idProduct=0003
<6>[    2.649692] usb 2-1: New USB device strings: Mfr=1, Product=2, SerialNumber=0
<6>[    2.649694] usb 2-1: Product: VMware Virtual USB Mouse
<6>[    2.649695] usb 2-1: Manufacturer: VMware
<6>[    2.655810] scsi host20: ahci
<6>[    2.656306] scsi host21: ahci
<6>[    2.656769] scsi host22: ahci
<6>[    2.657106] scsi host23: ahci
<6>[    2.657552] scsi host24: ahci
<6>[    2.660007] scsi host25: ahci
<6>[    2.660517] scsi host26: ahci
<6>[    2.661876] scsi host27: ahci
<6>[    2.662463] scsi host28: ahci
<6>[    2.662897] scsi host29: ahci
<6>[    2.663361] scsi host30: ahci
<6>[    2.663886] scsi host31: ahci
<6>[    2.663938] ata3: SATA max UDMA/133 abar m4096@0xfd5ee000 port 0xfd5ee100 irq 56
<6>[    2.663939] ata4: SATA max UDMA/133 abar m4096@0xfd5ee000 port 0xfd5ee180 irq 56
<6>[    2.663941] ata5: SATA max UDMA/133 abar m4096@0xfd5ee000 port 0xfd5ee200 irq 56
<6>[    2.663942] ata6: SATA max UDMA/133 abar m4096@0xfd5ee000 port 0xfd5ee280 irq 56
<6>[    2.663943] ata7: SATA max UDMA/133 abar m4096@0xfd5ee000 port 0xfd5ee300 irq 56
<6>[    2.663944] ata8: SATA max UDMA/133 abar m4096@0xfd5ee000 port 0xfd5ee380 irq 56
<6>[    2.663945] ata9: SATA max UDMA/133 abar m4096@0xfd5ee000 port 0xfd5ee400 irq 56
<6>[    2.663946] ata10: SATA max UDMA/133 abar m4096@0xfd5ee000 port 0xfd5ee480 irq 56
<6>[    2.663947] ata11: SATA max UDMA/133 abar m4096@0xfd5ee000 port 0xfd5ee500 irq 56
<6>[    2.663948] ata12: SATA max UDMA/133 abar m4096@0xfd5ee000 port 0xfd5ee580 irq 56
<6>[    2.663949] ata13: SATA max UDMA/133 abar m4096@0xfd5ee000 port 0xfd5ee600 irq 56
<6>[    2.663950] ata14: SATA max UDMA/133 abar m4096@0xfd5ee000 port 0xfd5ee680 irq 56
<6>[    2.663951] ata15: SATA max UDMA/133 abar m4096@0xfd5ee000 port 0xfd5ee700 irq 56
<6>[    2.663952] ata16: SATA max UDMA/133 abar m4096@0xfd5ee000 port 0xfd5ee780 irq 56
<6>[    2.663954] ata17: SATA max UDMA/133 abar m4096@0xfd5ee000 port 0xfd5ee800 irq 56
<6>[    2.663955] ata18: SATA max UDMA/133 abar m4096@0xfd5ee000 port 0xfd5ee880 irq 56
<6>[    2.663956] ata19: SATA max UDMA/133 abar m4096@0xfd5ee000 port 0xfd5ee900 irq 56
<6>[    2.663957] ata20: SATA max UDMA/133 abar m4096@0xfd5ee000 port 0xfd5ee980 irq 56
<6>[    2.663958] ata21: SATA max UDMA/133 abar m4096@0xfd5ee000 port 0xfd5eea00 irq 56
<6>[    2.663959] ata22: SATA max UDMA/133 abar m4096@0xfd5ee000 port 0xfd5eea80 irq 56
<6>[    2.663960] ata23: SATA max UDMA/133 abar m4096@0xfd5ee000 port 0xfd5eeb00 irq 56
<6>[    2.663961] ata24: SATA max UDMA/133 abar m4096@0xfd5ee000 port 0xfd5eeb80 irq 56
<6>[    2.663962] ata25: SATA max UDMA/133 abar m4096@0xfd5ee000 port 0xfd5eec00 irq 56
<6>[    2.663963] ata26: SATA max UDMA/133 abar m4096@0xfd5ee000 port 0xfd5eec80 irq 56
<6>[    2.663964] ata27: SATA max UDMA/133 abar m4096@0xfd5ee000 port 0xfd5eed00 irq 56
<6>[    2.663965] ata28: SATA max UDMA/133 abar m4096@0xfd5ee000 port 0xfd5eed80 irq 56
<6>[    2.663966] ata29: SATA max UDMA/133 abar m4096@0xfd5ee000 port 0xfd5eee00 irq 56
<6>[    2.663967] ata30: SATA max UDMA/133 abar m4096@0xfd5ee000 port 0xfd5eee80 irq 56
<6>[    2.663968] ata31: SATA max UDMA/133 abar m4096@0xfd5ee000 port 0xfd5eef00 irq 56
<6>[    2.663969] ata32: SATA max UDMA/133 abar m4096@0xfd5ee000 port 0xfd5eef80 irq 56
<6>[    2.667231] usb 1-1: New USB device found, idVendor=0bda, idProduct=57b4
<6>[    2.667233] usb 1-1: New USB device strings: Mfr=3, Product=1, SerialNumber=2
<6>[    2.667235] usb 1-1: Product: USB Camera
<6>[    2.667236] usb 1-1: Manufacturer: 04081-00051400E7IEHS
<6>[    2.667237] usb 1-1: SerialNumber: 200901010001
<6>[    2.684237] tsc: Refined TSC clocksource calibration: 2800.997 MHz
<6>[    2.684278] clocksource: tsc: mask: 0xffffffffffffffff max_cycles: 0x285fee90118, max_idle_ns: 440795246822 ns
<6>[    2.684295] clocksource: Switched to clocksource tsc
<6>[    2.701782] ioc0: LSI53C1030 B0: Capabilities={Initiator}
<6>[    2.786787] usb 2-2: new full-speed USB device number 3 using uhci_hcd
<6>[    2.941144] scsi host32: ioc0: LSI53C1030 B0, FwRev=01032920h, Ports=1, MaxQ=128, IRQ=17
<6>[    2.965541] usb 2-2: New USB device found, idVendor=0e0f, idProduct=0002
<6>[    2.965542] usb 2-2: New USB device strings: Mfr=0, Product=1, SerialNumber=0
<6>[    2.965543] usb 2-2: Product: VMware Virtual USB Hub
<6>[    2.977174] ata3: SATA link down (SStatus 0 SControl 300)
<6>[    2.977244] ata4: SATA link up 6.0 Gbps (SStatus 133 SControl 300)
<6>[    2.977308] ata4.00: ATAPI: VMware Virtual SATA CDRW Drive, 00000001, max UDMA/33
<6>[    2.977437] ata4.00: configured for UDMA/33
<6>[    2.977645] ata5: SATA link down (SStatus 0 SControl 300)
<6>[    2.977674] ata7: SATA link down (SStatus 0 SControl 300)
<6>[    2.977697] ata6: SATA link down (SStatus 0 SControl 300)
<5>[    2.978330] scsi 3:0:0:0: CD-ROM            NECVMWar VMware SATA CD01 1.00 PQ: 0 ANSI: 5
<6>[    2.980023] ata12: SATA link down (SStatus 0 SControl 300)
<6>[    2.980038] ata8: SATA link down (SStatus 0 SControl 300)
<6>[    2.980048] ata11: SATA link down (SStatus 0 SControl 300)
<6>[    2.980057] ata13: SATA link down (SStatus 0 SControl 300)
<6>[    2.980068] ata10: SATA link down (SStatus 0 SControl 300)
<6>[    2.980076] ata14: SATA link down (SStatus 0 SControl 300)
<6>[    2.980084] ata9: SATA link down (SStatus 0 SControl 300)
<6>[    2.980158] hub 2-2:1.0: USB hub found
<6>[    2.985812] ata15: SATA link down (SStatus 0 SControl 300)
<6>[    2.988263] sr 3:0:0:0: [sr0] scsi3-mmc drive: 1x/1x writer dvd-ram cd/rw xa/form2 cdda tray
<6>[    2.988266] cdrom: Uniform CD-ROM driver Revision: 3.20
<6>[    2.988397] ata20: SATA link down (SStatus 0 SControl 300)
<6>[    2.988410] ata23: SATA link down (SStatus 0 SControl 300)
<6>[    2.988428] ata16: SATA link down (SStatus 0 SControl 300)
<6>[    2.988439] ata32: SATA link down (SStatus 0 SControl 300)
<6>[    2.988449] ata26: SATA link down (SStatus 0 SControl 300)
<6>[    2.988459] ata31: SATA link down (SStatus 0 SControl 300)
<6>[    2.988470] ata17: SATA link down (SStatus 0 SControl 300)
<6>[    2.988480] ata18: SATA link down (SStatus 0 SControl 300)
<6>[    2.988491] ata22: SATA link down (SStatus 0 SControl 300)
<6>[    2.988500] ata27: SATA link down (SStatus 0 SControl 300)
<6>[    2.988510] ata24: SATA link down (SStatus 0 SControl 300)
<7>[    2.988855] sr 3:0:0:0: Attached scsi CD-ROM sr0
<5>[    2.989144] sr 3:0:0:0: Attached scsi generic sg0 type 5
<6>[    2.989146] hub 2-2:1.0: 7 ports detected
<6>[    2.994500] ata29: SATA link down (SStatus 0 SControl 300)
<6>[    2.994525] ata25: SATA link down (SStatus 0 SControl 300)
<6>[    2.994534] ata19: SATA link down (SStatus 0 SControl 300)
<6>[    2.994542] ata21: SATA link down (SStatus 0 SControl 300)
<6>[    2.994549] ata30: SATA link down (SStatus 0 SControl 300)
<6>[    2.994557] ata28: SATA link down (SStatus 0 SControl 300)
<6>[    3.025529] hidraw: raw HID events driver (C) Jiri Kosina
<6>[    3.033110] usbcore: registered new interface driver usbhid
<6>[    3.033112] usbhid: USB HID core driver
<6>[    3.035050] input: VMware VMware Virtual USB Mouse as /devices/pci0000:00/0000:00:11.0/0000:02:00.0/usb2/2-1/2-1:1.0/0003:0E0F:0003.0001/input/input5
<6>[    3.035365] hid-generic 0003:0E0F:0003.0001: input,hidraw0: USB HID v1.10 Mouse [VMware VMware Virtual USB Mouse] on usb-0000:02:00.0-1/input0
<6>[    3.050454] e1000 0000:02:01.0 eth0: (PCI:66MHz:32-bit) 00:0c:29:90:ef:74
<6>[    3.050460] e1000 0000:02:01.0 eth0: Intel(R) PRO/1000 Network Connection
<6>[    3.052679] e1000 0000:02:01.0 ens33: renamed from eth0
<5>[    3.116757] scsi 32:0:0:0: Direct-Access     VMware,  VMware Virtual S 1.0  PQ: 0 ANSI: 2
<6>[    3.116763] scsi target32:0:0: Beginning Domain Validation
<6>[    3.117272] scsi target32:0:0: Domain Validation skipping write tests
<6>[    3.117273] scsi target32:0:0: Ending Domain Validation
<6>[    3.117297] scsi target32:0:0: FAST-40 WIDE SCSI 80.0 MB/s ST (25 ns, offset 127)
<6>[    3.125539] [drm] DMA map mode: Using physical TTM page addresses.
<6>[    3.125705] [drm] Capabilities:
<6>[    3.125706] [drm]   Rect copy.
<6>[    3.125706] [drm]   Cursor.
<6>[    3.125707] [drm]   Cursor bypass.
<6>[    3.125707] [drm]   Cursor bypass 2.
<6>[    3.125707] [drm]   8bit emulation.
<6>[    3.125708] [drm]   Alpha cursor.
<6>[    3.125708] [drm]   3D.
<6>[    3.125708] [drm]   Extended Fifo.
<6>[    3.125709] [drm]   Multimon.
<6>[    3.125709] [drm]   Pitchlock.
<6>[    3.125709] [drm]   Irq mask.
<6>[    3.125710] [drm]   Display Topology.
<6>[    3.125710] [drm]   GMR.
<6>[    3.125710] [drm]   Traces.
<6>[    3.125711] [drm]   GMR2.
<6>[    3.125711] [drm]   Screen Object 2.
<6>[    3.125711] [drm]   Command Buffers.
<6>[    3.125712] [drm]   Command Buffers 2.
<6>[    3.125712] [drm]   Guest Backed Resources.
<6>[    3.125712] [drm]   DX Features.
<6>[    3.125713] [drm] Max GMR ids is 64
<6>[    3.125714] [drm] Max number of GMR pages is 65536
<6>[    3.125715] [drm] Max dedicated hypervisor surface memory is 0 kiB
<6>[    3.125715] [drm] Maximum display memory size is 131072 kiB
<6>[    3.125716] [drm] VRAM at 0xe8000000 size is 4096 kiB
<6>[    3.125717] [drm] MMIO at 0xfe000000 size is 256 kiB
<6>[    3.125843] [drm] global init.
<6>[    3.133724] [TTM] Zone  kernel: Available graphics memory: 492948 kiB
<6>[    3.133726] [TTM] Initializing pool allocator
<6>[    3.133729] [TTM] Initializing DMA pool allocator
<6>[    3.134514] [drm] Supports vblank timestamp caching Rev 2 (21.10.2013).
<6>[    3.134515] [drm] No driver support for vblank timestamp query.
<6>[    3.137123] [drm] Screen Target Display device initialized
<6>[    3.137268] [drm] width 640
<6>[    3.137276] [drm] height 480
<6>[    3.137284] [drm] bpp 32
<5>[    3.139823] sd 32:0:0:0: [sda] 41943040 512-byte logical blocks: (21.5 GB/20.0 GiB)
<5>[    3.139856] sd 32:0:0:0: [sda] Write Protect is off
<7>[    3.139858] sd 32:0:0:0: [sda] Mode Sense: 61 00 00 00
<5>[    3.139933] sd 32:0:0:0: [sda] Cache data unavailable
<3>[    3.139934] sd 32:0:0:0: [sda] Assuming drive cache: write through
<5>[    3.141501] sd 32:0:0:0: Attached scsi generic sg1 type 0
<6>[    3.142901] [drm] Fifo max 0x00040000 min 0x00001000 cap 0x0000077f
<6>[    3.185998] [drm] Using command buffers with DMA pool.
<6>[    3.186033] [drm] DX: yes.
<6>[    3.186034] [drm] Atomic: yes
<6>[    3.218280] fbcon: svgadrmfb (fb0) is primary device
<6>[    3.228156] Console: switching to colour frame buffer device 100x37
<6>[    3.228952] [drm] Initialized vmwgfx 2.13.0 20170607 for 0000:00:0f.0 on minor 0
<6>[    3.268722]  sda: sda1 sda2 < sda5 >
<5>[    3.269778] sd 32:0:0:0: [sda] Attached SCSI disk
<6>[    5.598288] floppy0: no floppy controllers found
<6>[    5.642818] VMware vmxnet3 virtual NIC driver - version 1.4.a.0-k-NAPI
<6>[    5.645894] VMware PVSCSI driver - version 1.0.7.0-k
<6>[    6.957765] EXT4-fs (sda1): mounted filesystem with ordered data mode. Opts: (null)
<5>[    8.781859] random: crng init done
<30>[   10.458845] systemd[1]: systemd 229 running in system mode. (+PAM +AUDIT +SELINUX +IMA +APPARMOR +SMACK +SYSVINIT +UTMP +LIBCRYPTSETUP +GCRYPT +GNUTLS +ACL +XZ -LZ4 +SECCOMP +BLKID +ELFUTILS +KMOD -IDN)
<30>[   10.458928] systemd[1]: Detected virtualization vmware.
<30>[   10.458932] systemd[1]: Detected architecture x86-64.
<30>[   10.469007] systemd[1]: Set hostname to <ubuntu>.
<30>[   12.041552] systemd[1]: Created slice System Slice.
<30>[   12.041691] systemd[1]: Set up automount Arbitrary Executable File Formats File System Automount Point.
<30>[   12.041748] systemd[1]: Listening on Journal Socket.
<30>[   12.088811] systemd[1]: Starting Load Kernel Modules...
<30>[   12.089288] systemd[1]: Starting Set console keymap...
<30>[   12.089861] systemd[1]: Starting Create list of required static device nodes for the current kernel...
<6>[   12.853106] lp: driver loaded but no devices found
<6>[   13.187470] ppdev: user-space parallel port driver
<6>[   14.256501] EXT4-fs (sda1): re-mounted. Opts: errors=remount-ro
<46>[   14.508606] systemd-journald[328]: Received request to flush runtime journal from PID 1
<6>[   15.713367] vmw_vmci 0000:00:07.7: Found VMCI PCI device at 0x11080, irq 16
<6>[   15.713447] vmw_vmci 0000:00:07.7: Using capabilities 0xc
<6>[   15.713961] Guest personality initialized and is active
<6>[   15.714214] VMCI host device registered (name=vmci, major=10, minor=55)
<6>[   15.714215] Initialized host personality
<3>[   16.082051] piix4_smbus 0000:00:07.3: SMBus Host Controller not enabled!
<6>[   16.582666] shpchp: Standard Hot Plug PCI Controller Driver version: 0.4
<6>[   18.401649] floppy0: no floppy controllers found
<6>[   18.431563] RAPL PMU: API unit is 2^-32 Joules, 4 fixed counters, 10737418240 ms ovfl timer
<6>[   18.431565] RAPL PMU: hw unit of domain pp0-core 2^-0 Joules
<6>[   18.431565] RAPL PMU: hw unit of domain package 2^-0 Joules
<6>[   18.431566] RAPL PMU: hw unit of domain dram 2^-0 Joules
<6>[   18.431566] RAPL PMU: hw unit of domain pp1-gpu 2^-0 Joules
<6>[   19.056463] AVX2 version of gcm_enc/dec engaged.
<6>[   19.056465] AES CTR mode by8 optimization enabled
<6>[   19.182162] media: Linux media interface: v0.10
<6>[   19.212106] Linux video capture interface: v2.00
<6>[   19.886313] uvcvideo: Found UVC 1.00 device USB Camera (0bda:57b4)
<4>[   19.902076] uvcvideo 1-1:1.0: Entity type for entity Extension 7 was not initialized!
<4>[   19.902078] uvcvideo 1-1:1.0: Entity type for entity Processing 2 was not initialized!
<4>[   19.902080] uvcvideo 1-1:1.0: Entity type for entity Camera 1 was not initialized!
<4>[   19.902081] uvcvideo 1-1:1.0: Entity type for entity Extension 4 was not initialized!
<6>[   19.904210] input: USB Camera: USB Camera as /devices/pci0000:00/0000:00:11.0/0000:02:03.0/usb1/1-1/1-1:1.0/input/input6
<6>[   19.906023] usbcore: registered new interface driver uvcvideo
<6>[   19.906025] USB Video Class driver (1.1.1)
<5>[   22.556468] audit: type=1400 audit(1519867180.231:2): apparmor="STATUS" operation="profile_load" profile="unconfined" name="/sbin/dhclient" pid=724 comm="apparmor_parser"
<5>[   22.556471] audit: type=1400 audit(1519867180.231:3): apparmor="STATUS" operation="profile_load" profile="unconfined" name="/usr/lib/NetworkManager/nm-dhcp-client.action" pid=724 comm="apparmor_parser"
<5>[   22.556473] audit: type=1400 audit(1519867180.231:4): apparmor="STATUS" operation="profile_load" profile="unconfined" name="/usr/lib/NetworkManager/nm-dhcp-helper" pid=724 comm="apparmor_parser"
<5>[   22.556475] audit: type=1400 audit(1519867180.231:5): apparmor="STATUS" operation="profile_load" profile="unconfined" name="/usr/lib/connman/scripts/dhclient-script" pid=724 comm="apparmor_parser"
<5>[   22.562083] audit: type=1400 audit(1519867180.237:6): apparmor="STATUS" operation="profile_load" profile="unconfined" name="/usr/lib/lightdm/lightdm-guest-session" pid=723 comm="apparmor_parser"
<5>[   22.562087] audit: type=1400 audit(1519867180.237:7): apparmor="STATUS" operation="profile_load" profile="unconfined" name="/usr/lib/lightdm/lightdm-guest-session//chromium" pid=723 comm="apparmor_parser"
<5>[   31.485993] audit: type=1400 audit(1519867189.161:8): apparmor="STATUS" operation="profile_load" profile="unconfined" name="webbrowser-app" pid=760 comm="apparmor_parser"
<5>[   31.485995] audit: type=1400 audit(1519867189.161:9): apparmor="STATUS" operation="profile_load" profile="unconfined" name="webbrowser-app//oxide_helper" pid=760 comm="apparmor_parser"
<5>[   34.206466] audit: type=1400 audit(1519867191.881:10): apparmor="STATUS" operation="profile_load" profile="unconfined" name="/usr/bin/evince" pid=758 comm="apparmor_parser"
<5>[   34.206470] audit: type=1400 audit(1519867191.881:11): apparmor="STATUS" operation="profile_load" profile="unconfined" name="/usr/bin/evince//sanitized_helper" pid=758 comm="apparmor_parser"
<5>[   34.206471] audit: type=1400 audit(1519867191.881:12): apparmor="STATUS" operation="profile_load" profile="unconfined" name="/usr/bin/evince-previewer" pid=758 comm="apparmor_parser"
<5>[   34.206473] audit: type=1400 audit(1519867191.881:13): apparmor="STATUS" operation="profile_load" profile="unconfined" name="/usr/bin/evince-previewer//sanitized_helper" pid=758 comm="apparmor_parser"
<5>[   34.206475] audit: type=1400 audit(1519867191.881:14): apparmor="STATUS" operation="profile_load" profile="unconfined" name="/usr/bin/evince-thumbnailer" pid=758 comm="apparmor_parser"
<5>[   34.206477] audit: type=1400 audit(1519867191.881:15): apparmor="STATUS" operation="profile_load" profile="unconfined" name="/usr/bin/evince-thumbnailer//sanitized_helper" pid=758 comm="apparmor_parser"
<5>[   34.459709] audit: type=1400 audit(1519867192.135:16): apparmor="STATUS" operation="profile_load" profile="unconfined" name="/usr/lib/snapd/snap-confine" pid=785 comm="apparmor_parser"
<5>[   34.459711] audit: type=1400 audit(1519867192.135:17): apparmor="STATUS" operation="profile_load" profile="unconfined" name="/usr/lib/snapd/snap-confine//mount-namespace-capture-helper" pid=785 comm="apparmor_parser"
<5>[   36.712114] audit: type=1400 audit(1519867194.387:18): apparmor="STATUS" operation="profile_load" profile="unconfined" name="/usr/sbin/cups-browsed" pid=786 comm="apparmor_parser"
<5>[   38.653854] audit: type=1400 audit(1519867196.328:19): apparmor="STATUS" operation="profile_load" profile="unconfined" name="/usr/sbin/ippusbxd" pid=791 comm="apparmor_parser"
<5>[   39.207835] audit: type=1400 audit(1519867196.883:20): apparmor="STATUS" operation="profile_load" profile="unconfined" name="/usr/lib/cups/backend/cups-pdf" pid=790 comm="apparmor_parser"
<5>[   39.207839] audit: type=1400 audit(1519867196.883:21): apparmor="STATUS" operation="profile_load" profile="unconfined" name="/usr/sbin/cupsd" pid=790 comm="apparmor_parser"
<5>[   39.207841] audit: type=1400 audit(1519867196.883:22): apparmor="STATUS" operation="profile_load" profile="unconfined" name="/usr/sbin/cupsd//third_party" pid=790 comm="apparmor_parser"
<5>[   41.243588] audit: type=1400 audit(1519867198.918:23): apparmor="STATUS" operation="profile_load" profile="unconfined" name="/usr/sbin/tcpdump" pid=793 comm="apparmor_parser"
<6>[   43.166461] IPv6: ADDRCONF(NETDEV_UP): ens33: link is not ready
<6>[   43.169199] e1000: ens33 NIC Link is Up 1000 Mbps Full Duplex, Flow Control: None
<6>[   43.170125] IPv6: ADDRCONF(NETDEV_CHANGE): ens33: link becomes ready
<6>[   44.144048] Adding 1046524k swap on /dev/sda5.  Priority:-1 extents:1 across:1046524k FS
<6>[   58.908901] NET: Registered protocol family 40
<6>[  129.922865] usb 1-1: USB disconnect, device number 2
<6>[  134.455768] usb 1-1: new high-speed USB device number 3 using ehci-pci
<6>[  134.829705] usb 1-1: New USB device found, idVendor=0bda, idProduct=57b4
<6>[  134.829707] usb 1-1: New USB device strings: Mfr=3, Product=1, SerialNumber=2
<6>[  134.829709] usb 1-1: Product: USB Camera
<6>[  134.829711] usb 1-1: Manufacturer: 04081-00051400E7IEHS
<6>[  134.829712] usb 1-1: SerialNumber: 200901010001
<6>[  134.849209] uvcvideo: Found UVC 1.00 device USB Camera (0bda:57b4)
<4>[  134.868574] uvcvideo 1-1:1.0: Entity type for entity Extension 7 was not initialized!
<4>[  134.868576] uvcvideo 1-1:1.0: Entity type for entity Processing 2 was not initialized!
<4>[  134.868578] uvcvideo 1-1:1.0: Entity type for entity Camera 1 was not initialized!
<4>[  134.868589] uvcvideo 1-1:1.0: Entity type for entity Extension 4 was not initialized!
<6>[  134.868823] input: USB Camera: USB Camera as /devices/pci0000:00/0000:00:11.0/0000:02:03.0/usb1/1-1/1-1:1.0/input/input7
<6>[  326.203898] usb 1-1: reset high-speed USB device number 3 using ehci-pci
<6>[  585.191439] usb 1-1: USB disconnect, device number 3
<6>[  586.585611] usb 1-1: new high-speed USB device number 4 using ehci-pci
<6>[  587.787238] usb 1-1: New USB device found, idVendor=0bda, idProduct=57b4
<6>[  587.787240] usb 1-1: New USB device strings: Mfr=3, Product=1, SerialNumber=2
<6>[  587.787242] usb 1-1: Product: USB Camera
<6>[  587.787244] usb 1-1: Manufacturer: 04081-00051400E7IEHS
<6>[  587.787245] usb 1-1: SerialNumber: 200901010001
<6>[  587.911226] uvcvideo: Found UVC 1.00 device USB Camera (0bda:57b4)
<4>[  587.989138] uvcvideo 1-1:1.0: Entity type for entity Extension 7 was not initialized!
<4>[  587.989142] uvcvideo 1-1:1.0: Entity type for entity Processing 2 was not initialized!
<4>[  587.989146] uvcvideo 1-1:1.0: Entity type for entity Camera 1 was not initialized!
<4>[  587.989147] uvcvideo 1-1:1.0: Entity type for entity Extension 4 was not initialized!
<6>[  587.989352] input: USB Camera: USB Camera as /devices/pci0000:00/0000:00:11.0/0000:02:03.0/usb1/1-1/1-1:1.0/input/input8
<6>[  828.930066] usb 1-1: USB disconnect, device number 4
<6>[  829.458861] usb 1-1: new high-speed USB device number 5 using ehci-pci
<6>[  829.911438] usb 1-1: New USB device found, idVendor=0bda, idProduct=57b4
<6>[  829.911441] usb 1-1: New USB device strings: Mfr=3, Product=1, SerialNumber=2
<6>[  829.911443] usb 1-1: Product: USB Camera
<6>[  829.911445] usb 1-1: Manufacturer: 04081-00051400E7IEHS
<6>[  829.911446] usb 1-1: SerialNumber: 200901010001
<6>[  829.930914] uvcvideo: Found UVC 1.00 device USB Camera (0bda:57b4)
<4>[  829.950449] uvcvideo 1-1:1.0: Entity type for entity Extension 7 was not initialized!
<4>[  829.950452] uvcvideo 1-1:1.0: Entity type for entity Processing 2 was not initialized!
<4>[  829.950454] uvcvideo 1-1:1.0: Entity type for entity Camera 1 was not initialized!
<4>[  829.950455] uvcvideo 1-1:1.0: Entity type for entity Extension 4 was not initialized!
<6>[  829.950547] input: USB Camera: USB Camera as /devices/pci0000:00/0000:00:11.0/0000:02:03.0/usb1/1-1/1-1:1.0/input/input9
<6>[  841.152098] usb 1-1: USB disconnect, device number 5
<6>[  842.037186] usb 1-1: new high-speed USB device number 6 using ehci-pci
<6>[  842.551204] usb 1-1: New USB device found, idVendor=0bda, idProduct=57b4
<6>[  842.551206] usb 1-1: New USB device strings: Mfr=3, Product=1, SerialNumber=2
<6>[  842.551207] usb 1-1: Product: USB Camera
<6>[  842.551208] usb 1-1: Manufacturer: 04081-00051400E7IEHS
<6>[  842.551209] usb 1-1: SerialNumber: 200901010001
<6>[  842.613592] uvcvideo: Found UVC 1.00 device USB Camera (0bda:57b4)
<4>[  842.645974] uvcvideo 1-1:1.0: Entity type for entity Extension 7 was not initialized!
<4>[  842.645977] uvcvideo 1-1:1.0: Entity type for entity Processing 2 was not initialized!
<4>[  842.645979] uvcvideo 1-1:1.0: Entity type for entity Camera 1 was not initialized!
<4>[  842.645980] uvcvideo 1-1:1.0: Entity type for entity Extension 4 was not initialized!
<6>[  842.646085] input: USB Camera: USB Camera as /devices/pci0000:00/0000:00:11.0/0000:02:03.0/usb1/1-1/1-1:1.0/input/input10
<6>[14764.075226] main[3397]: segfault at 401107 ip 0000000000400e70 sp 00007ffd47a379f0 error 7 in main[400000+2000]
<6>[15096.396187] main[3439]: segfault at 401107 ip 0000000000400e70 sp 00007ffca2417bf0 error 7 in main[400000+2000]
<6>[15148.525701] main[3443]: segfault at 401107 ip 0000000000400e70 sp 00007fff9fcdf4f0 error 7 in main[400000+2000]
<6>[15228.677326] main[3467]: segfault at 401187 ip 0000000000400ec0 sp 00007ffdc82fcaa0 error 7 in main[400000+2000]
<6>[15240.425947] main[3479]: segfault at 401197 ip 0000000000400ec0 sp 00007ffec23e1b90 error 7 in main[400000+2000]
<6>[15268.097314] traps: main[3494] general protection ip:400e9b sp:7ffd0ea09100 error:0 in main[400000+2000]
<6>[18368.164768] main[4096]: segfault at 0 ip 00007fe86a921a55 sp 00007ffd1b059508 error 6 in libc-2.23.so[7fe86a7af000+1c0000]
<6>[19188.732304] main[4254]: segfault at 0 ip 00007fefe882e156 sp 00007ffd6aacb828 error 4 in libc-2.23.so[7fefe86e0000+1c0000]
<6>[19239.146963] main[4269]: segfault at 0 ip 00007f3431569156 sp 00007ffda163fe88 error 4 in libc-2.23.so[7f343141b000+1c0000]
<6>[19272.013866] main[4283]: segfault at 0 ip 00007f07eb462156 sp 00007ffcfce2c2d8 error 4 in libc-2.23.so[7f07eb314000+1c0000]
<6>[19327.805945] main[4298]: segfault at 0 ip 00007f56b52ad156 sp 00007ffc9d6df7b8 error 4 in libc-2.23.so[7f56b515f000+1c0000]
<6>[19351.267177] main[4310]: segfault at 0 ip 00007f8548124156 sp 00007ffc91c3e1e8 error 4 in libc-2.23.so[7f8547fd6000+1c0000]
<6>[19377.068934] main[4322]: segfault at 0 ip 00007f243d99e156 sp 00007ffff14fd178 error 4 in libc-2.23.so[7f243d850000+1c0000]
<6>[19412.531668] main[4336]: segfault at 0 ip 00007fdb6451f156 sp 00007ffc00a7de78 error 4 in libc-2.23.so[7fdb643d1000+1c0000]
<6>[19467.377934] main[4351]: segfault at 0 ip 00007fcb3012a156 sp 00007ffe68125808 error 4 in libc-2.23.so[7fcb2ffdc000+1c0000]
<6>[19608.040320] main[4367]: segfault at 1d0d9 ip 00007fb244e63cc0 sp 00007ffc30d65520 error 4 in libc-2.23.so[7fb244e15000+1c0000]
<6>[19650.017849] main[4381]: segfault at 1d0d9 ip 00007f327238bcc0 sp 00007ffe5942a310 error 4 in libc-2.23.so[7f327233d000+1c0000]
<5>[    0.000000] random: get_random_bytes called from start_kernel+0x42/0x504 with crng_init=0
<5>[    0.000000] Linux version 4.13.0-32-generic (buildd@lgw01-amd64-004) (gcc version 5.4.0 20160609 (Ubuntu 5.4.0-6ubuntu1~16.04.5)) #35~16.04.1-Ubuntu SMP Thu Jan 25 10:13:43 UTC 2018 (Ubuntu 4.13.0-32.35~16.04.1-generic 4.13.13)
<6>[    0.000000] Command line: BOOT_IMAGE=/boot/vmlinuz-4.13.0-32-generic root=UUID=980bed1f-84d8-4c74-9afe-5c1acb11ed7d ro find_preseed=/preseed.cfg auto noprompt priority=critical locale=en_US quiet
<6>[    0.000000] KERNEL supported cpus:
<6>[    0.000000]   Intel GenuineIntel
<6>[    0.000000]   AMD AuthenticAMD
<6>[    0.000000]   Centaur CentaurHauls
<6>[    0.000000] Disabled fast string operations
<6>[    0.000000] x86/fpu: Supporting XSAVE feature 0x001: 'x87 floating point registers'
<6>[    0.000000] x86/fpu: Supporting XSAVE feature 0x002: 'SSE registers'
<6>[    0.000000] x86/fpu: Supporting XSAVE feature 0x004: 'AVX registers'
<6>[    0.000000] x86/fpu: xstate_offset[2]:  576, xstate_sizes[2]:  256
<6>[    0.000000] x86/fpu: Enabled xstate features 0x7, context size is 832 bytes, using 'standard' format.
<6>[    0.000000] e820: BIOS-provided physical RAM map:
<6>[    0.000000] BIOS-e820: [mem 0x0000000000000000-0x000000000009e7ff] usable
<6>[    0.000000] BIOS-e820: [mem 0x000000000009e800-0x000000000009ffff] reserved
<6>[    0.000000] BIOS-e820: [mem 0x00000000000dc000-0x00000000000fffff] reserved
<6>[    0.000000] BIOS-e820: [mem 0x0000000000100000-0x000000003fedffff] usable
<6>[    0.000000] BIOS-e820: [mem 0x000000003fee0000-0x000000003fefefff] ACPI data
<6>[    0.000000] BIOS-e820: [mem 0x000000003feff000-0x000000003fefffff] ACPI NVS
<6>[    0.000000] BIOS-e820: [mem 0x000000003ff00000-0x000000003fffffff] usable
<6>[    0.000000] BIOS-e820: [mem 0x00000000f0000000-0x00000000f7ffffff] reserved
<6>[    0.000000] BIOS-e820: [mem 0x00000000fec00000-0x00000000fec0ffff] reserved
<6>[    0.000000] BIOS-e820: [mem 0x00000000fee00000-0x00000000fee00fff] reserved
<6>[    0.000000] BIOS-e820: [mem 0x00000000fffe0000-0x00000000ffffffff] reserved
<6>[    0.000000] NX (Execute Disable) protection: active
<5>[    0.000000] random: fast init done
<6>[    0.000000] SMBIOS 2.7 present.
<6>[    0.000000] DMI: VMware, Inc. VMware Virtual Platform/440BX Desktop Reference Platform, BIOS 6.00 05/19/2017
<6>[    0.000000] Hypervisor detected: VMware
<6>[    0.000000] vmware: TSC freq read from hypervisor : 2801.000 MHz
<6>[    0.000000] vmware: Host bus clock speed read from hypervisor : 66000000 Hz
<6>[    0.000000] vmware: using sched offset of 10181225193 ns
<7>[    0.000000] e820: update [mem 0x00000000-0x00000fff] usable ==> reserved
<7>[    0.000000] e820: remove [mem 0x000a0000-0x000fffff] usable
<6>[    0.000000] e820: last_pfn = 0x40000 max_arch_pfn = 0x400000000
<7>[    0.000000] MTRR default type: uncachable
<7>[    0.000000] MTRR fixed ranges enabled:
<7>[    0.000000]   00000-9FFFF write-back
<7>[    0.000000]   A0000-BFFFF uncachable
<7>[    0.000000]   C0000-CFFFF write-protect
<7>[    0.000000]   D0000-EFFFF uncachable
<7>[    0.000000]   F0000-FFFFF write-protect
<7>[    0.000000] MTRR variable ranges enabled:
<7>[    0.000000]   0 base 000C0000000 mask 7FFC0000000 uncachable
<7>[    0.000000]   1 base 00000000000 mask 7FF00000000 write-back
<7>[    0.000000]   2 disabled
<7>[    0.000000]   3 disabled
<7>[    0.000000]   4 disabled
<7>[    0.000000]   5 disabled
<7>[    0.000000]   6 disabled
<7>[    0.000000]   7 disabled
<6>[    0.000000] x86/PAT: Configuration [0-7]: WB  WC  UC- UC  WB  WC  UC- WT  
<6>[    0.000000] total RAM covered: 3072M
<6>[    0.000000] Found optimal setting for mtrr clean up
<6>[    0.000000]  gran_size: 64K 	chunk_size: 64K 	num_reg: 2  	lose cover RAM: 0G
<6>[    0.000000] found SMP MP-table at [mem 0x000f6a80-0x000f6a8f] mapped at [ffff9534c00f6a80]
<6>[    0.000000] Scanning 1 areas for low memory corruption
<7>[    0.000000] Base memory trampoline at [ffff9534c0098000] 98000 size 24576
<6>[    0.000000] Using GB pages for direct mapping
<7>[    0.000000] BRK [0x2632b000, 0x2632bfff] PGTABLE
<7>[    0.000000] BRK [0x2632c000, 0x2632cfff] PGTABLE
<7>[    0.000000] BRK [0x2632d000, 0x2632dfff] PGTABLE
<7>[    0.000000] BRK [0x2632e000, 0x2632efff] PGTABLE
<7>[    0.000000] BRK [0x2632f000, 0x2632ffff] PGTABLE
<6>[    0.000000] RAMDISK: [mem 0x32234000-0x35111fff]
<6>[    0.000000] ACPI: Early table checksum verification disabled
<6>[    0.000000] ACPI: RSDP 0x00000000000F6A10 000024 (v02 PTLTD )
<6>[    0.000000] ACPI: XSDT 0x000000003FEEA65B 00005C (v01 INTEL  440BX    06040000 VMW  01324272)
<6>[    0.000000] ACPI: FACP 0x000000003FEFEE73 0000F4 (v04 INTEL  440BX    06040000 PTL  000F4240)
<6>[    0.000000] ACPI: DSDT 0x000000003FEEBB42 013331 (v01 PTLTD  Custom   06040000 MSFT 03000001)
<6>[    0.000000] ACPI: FACS 0x000000003FEFFFC0 000040
<6>[    0.000000] ACPI: FACS 0x000000003FEFFFC0 000040
<6>[    0.000000] ACPI: BOOT 0x000000003FEEBB1A 000028 (v01 PTLTD  $SBFTBL$ 06040000  LTP 00000001)
<6>[    0.000000] ACPI: APIC 0x000000003FEEB3D8 000742 (v01 PTLTD  ? APIC   06040000  LTP 00000000)
<6>[    0.000000] ACPI: MCFG 0x000000003FEEB39C 00003C (v01 PTLTD  $PCITBL$ 06040000  LTP 00000001)
<6>[    0.000000] ACPI: SRAT 0x000000003FEEA757 0008A8 (v02 VMWARE MEMPLUG  06040000 VMW  00000001)
<6>[    0.000000] ACPI: HPET 0x000000003FEEA71F 000038 (v01 VMWARE VMW HPET 06040000 VMW  00000001)
<6>[    0.000000] ACPI: WAET 0x000000003FEEA6F7 000028 (v01 VMWARE VMW WAET 06040000 VMW  00000001)
<7>[    0.000000] ACPI: Local APIC address 0xfee00000
<7>[    0.000000] system APIC only can use physical flat
<6>[    0.000000] Setting APIC routing to physical flat.
<6>[    0.000000] SRAT: PXM 0 -> APIC 0x00 -> Node 0
<6>[    0.000000] SRAT: PXM 0 -> APIC 0x01 -> Node 0
<6>[    0.000000] SRAT: PXM 0 -> APIC 0x02 -> Node 0
<6>[    0.000000] SRAT: PXM 0 -> APIC 0x03 -> Node 0
<6>[    0.000000] SRAT: PXM 0 -> APIC 0x04 -> Node 0
<6>[    0.000000] SRAT: PXM 0 -> APIC 0x05 -> Node 0
<6>[    0.000000] SRAT: PXM 0 -> APIC 0x06 -> Node 0
<6>[    0.000000] SRAT: PXM 0 -> APIC 0x07 -> Node 0
<6>[    0.000000] SRAT: PXM 0 -> APIC 0x08 -> Node 0
<6>[    0.000000] SRAT: PXM 0 -> APIC 0x09 -> Node 0
<6>[    0.000000] SRAT: PXM 0 -> APIC 0x0a -> Node 0
<6>[    0.000000] SRAT: PXM 0 -> APIC 0x0b -> Node 0
<6>[    0.000000] SRAT: PXM 0 -> APIC 0x0c -> Node 0
<6>[    0.000000] SRAT: PXM 0 -> APIC 0x0d -> Node 0
<6>[    0.000000] SRAT: PXM 0 -> APIC 0x0e -> Node 0
<6>[    0.000000] SRAT: PXM 0 -> APIC 0x0f -> Node 0
<6>[    0.000000] SRAT: PXM 0 -> APIC 0x10 -> Node 0
<6>[    0.000000] SRAT: PXM 0 -> APIC 0x11 -> Node 0
<6>[    0.000000] SRAT: PXM 0 -> APIC 0x12 -> Node 0
<6>[    0.000000] SRAT: PXM 0 -> APIC 0x13 -> Node 0
<6>[    0.000000] SRAT: PXM 0 -> APIC 0x14 -> Node 0
<6>[    0.000000] SRAT: PXM 0 -> APIC 0x15 -> Node 0
<6>[    0.000000] SRAT: PXM 0 -> APIC 0x16 -> Node 0
<6>[    0.000000] SRAT: PXM 0 -> APIC 0x17 -> Node 0
<6>[    0.000000] SRAT: PXM 0 -> APIC 0x18 -> Node 0
<6>[    0.000000] SRAT: PXM 0 -> APIC 0x19 -> Node 0
<6>[    0.000000] SRAT: PXM 0 -> APIC 0x1a -> Node 0
<6>[    0.000000] SRAT: PXM 0 -> APIC 0x1b -> Node 0
<6>[    0.000000] SRAT: PXM 0 -> APIC 0x1c -> Node 0
<6>[    0.000000] SRAT: PXM 0 -> APIC 0x1d -> Node 0
<6>[    0.000000] SRAT: PXM 0 -> APIC 0x1e -> Node 0
<6>[    0.000000] SRAT: PXM 0 -> APIC 0x1f -> Node 0
<6>[    0.000000] SRAT: PXM 0 -> APIC 0x20 -> Node 0
<6>[    0.000000] SRAT: PXM 0 -> APIC 0x21 -> Node 0
<6>[    0.000000] SRAT: PXM 0 -> APIC 0x22 -> Node 0
<6>[    0.000000] SRAT: PXM 0 -> APIC 0x23 -> Node 0
<6>[    0.000000] SRAT: PXM 0 -> APIC 0x24 -> Node 0
<6>[    0.000000] SRAT: PXM 0 -> APIC 0x25 -> Node 0
<6>[    0.000000] SRAT: PXM 0 -> APIC 0x26 -> Node 0
<6>[    0.000000] SRAT: PXM 0 -> APIC 0x27 -> Node 0
<6>[    0.000000] SRAT: PXM 0 -> APIC 0x28 -> Node 0
<6>[    0.000000] SRAT: PXM 0 -> APIC 0x29 -> Node 0
<6>[    0.000000] SRAT: PXM 0 -> APIC 0x2a -> Node 0
<6>[    0.000000] SRAT: PXM 0 -> APIC 0x2b -> Node 0
<6>[    0.000000] SRAT: PXM 0 -> APIC 0x2c -> Node 0
<6>[    0.000000] SRAT: PXM 0 -> APIC 0x2d -> Node 0
<6>[    0.000000] SRAT: PXM 0 -> APIC 0x2e -> Node 0
<6>[    0.000000] SRAT: PXM 0 -> APIC 0x2f -> Node 0
<6>[    0.000000] SRAT: PXM 0 -> APIC 0x30 -> Node 0
<6>[    0.000000] SRAT: PXM 0 -> APIC 0x31 -> Node 0
<6>[    0.000000] SRAT: PXM 0 -> APIC 0x32 -> Node 0
<6>[    0.000000] SRAT: PXM 0 -> APIC 0x33 -> Node 0
<6>[    0.000000] SRAT: PXM 0 -> APIC 0x34 -> Node 0
<6>[    0.000000] SRAT: PXM 0 -> APIC 0x35 -> Node 0
<6>[    0.000000] SRAT: PXM 0 -> APIC 0x36 -> Node 0
<6>[    0.000000] SRAT: PXM 0 -> APIC 0x37 -> Node 0
<6>[    0.000000] SRAT: PXM 0 -> APIC 0x38 -> Node 0
<6>[    0.000000] SRAT: PXM 0 -> APIC 0x39 -> Node 0
<6>[    0.000000] SRAT: PXM 0 -> APIC 0x3a -> Node 0
<6>[    0.000000] SRAT: PXM 0 -> APIC 0x3b -> Node 0
<6>[    0.000000] SRAT: PXM 0 -> APIC 0x3c -> Node 0
<6>[    0.000000] SRAT: PXM 0 -> APIC 0x3d -> Node 0
<6>[    0.000000] SRAT: PXM 0 -> APIC 0x3e -> Node 0
<6>[    0.000000] SRAT: PXM 0 -> APIC 0x3f -> Node 0
<6>[    0.000000] SRAT: PXM 0 -> APIC 0x40 -> Node 0
<6>[    0.000000] SRAT: PXM 0 -> APIC 0x41 -> Node 0
<6>[    0.000000] SRAT: PXM 0 -> APIC 0x42 -> Node 0
<6>[    0.000000] SRAT: PXM 0 -> APIC 0x43 -> Node 0
<6>[    0.000000] SRAT: PXM 0 -> APIC 0x44 -> Node 0
<6>[    0.000000] SRAT: PXM 0 -> APIC 0x45 -> Node 0
<6>[    0.000000] SRAT: PXM 0 -> APIC 0x46 -> Node 0
<6>[    0.000000] SRAT: PXM 0 -> APIC 0x47 -> Node 0
<6>[    0.000000] SRAT: PXM 0 -> APIC 0x48 -> Node 0
<6>[    0.000000] SRAT: PXM 0 -> APIC 0x49 -> Node 0
<6>[    0.000000] SRAT: PXM 0 -> APIC 0x4a -> Node 0
<6>[    0.000000] SRAT: PXM 0 -> APIC 0x4b -> Node 0
<6>[    0.000000] SRAT: PXM 0 -> APIC 0x4c -> Node 0
<6>[    0.000000] SRAT: PXM 0 -> APIC 0x4d -> Node 0
<6>[    0.000000] SRAT: PXM 0 -> APIC 0x4e -> Node 0
<6>[    0.000000] SRAT: PXM 0 -> APIC 0x4f -> Node 0
<6>[    0.000000] SRAT: PXM 0 -> APIC 0x50 -> Node 0
<6>[    0.000000] SRAT: PXM 0 -> APIC 0x51 -> Node 0
<6>[    0.000000] SRAT: PXM 0 -> APIC 0x52 -> Node 0
<6>[    0.000000] SRAT: PXM 0 -> APIC 0x53 -> Node 0
<6>[    0.000000] SRAT: PXM 0 -> APIC 0x54 -> Node 0
<6>[    0.000000] SRAT: PXM 0 -> APIC 0x55 -> Node 0
<6>[    0.000000] SRAT: PXM 0 -> APIC 0x56 -> Node 0
<6>[    0.000000] SRAT: PXM 0 -> APIC 0x57 -> Node 0
<6>[    0.000000] SRAT: PXM 0 -> APIC 0x58 -> Node 0
<6>[    0.000000] SRAT: PXM 0 -> APIC 0x59 -> Node 0
<6>[    0.000000] SRAT: PXM 0 -> APIC 0x5a -> Node 0
<6>[    0.000000] SRAT: PXM 0 -> APIC 0x5b -> Node 0
<6>[    0.000000] SRAT: PXM 0 -> APIC 0x5c -> Node 0
<6>[    0.000000] SRAT: PXM 0 -> APIC 0x5d -> Node 0
<6>[    0.000000] SRAT: PXM 0 -> APIC 0x5e -> Node 0
<6>[    0.000000] SRAT: PXM 0 -> APIC 0x5f -> Node 0
<6>[    0.000000] SRAT: PXM 0 -> APIC 0x60 -> Node 0
<6>[    0.000000] SRAT: PXM 0 -> APIC 0x61 -> Node 0
<6>[    0.000000] SRAT: PXM 0 -> APIC 0x62 -> Node 0
<6>[    0.000000] SRAT: PXM 0 -> APIC 0x63 -> Node 0
<6>[    0.000000] SRAT: PXM 0 -> APIC 0x64 -> Node 0
<6>[    0.000000] SRAT: PXM 0 -> APIC 0x65 -> Node 0
<6>[    0.000000] SRAT: PXM 0 -> APIC 0x66 -> Node 0
<6>[    0.000000] SRAT: PXM 0 -> APIC 0x67 -> Node 0
<6>[    0.000000] SRAT: PXM 0 -> APIC 0x68 -> Node 0
<6>[    0.000000] SRAT: PXM 0 -> APIC 0x69 -> Node 0
<6>[    0.000000] SRAT: PXM 0 -> APIC 0x6a -> Node 0
<6>[    0.000000] SRAT: PXM 0 -> APIC 0x6b -> Node 0
<6>[    0.000000] SRAT: PXM 0 -> APIC 0x6c -> Node 0
<6>[    0.000000] SRAT: PXM 0 -> APIC 0x6d -> Node 0
<6>[    0.000000] SRAT: PXM 0 -> APIC 0x6e -> Node 0
<6>[    0.000000] SRAT: PXM 0 -> APIC 0x6f -> Node 0
<6>[    0.000000] SRAT: PXM 0 -> APIC 0x70 -> Node 0
<6>[    0.000000] SRAT: PXM 0 -> APIC 0x71 -> Node 0
<6>[    0.000000] SRAT: PXM 0 -> APIC 0x72 -> Node 0
<6>[    0.000000] SRAT: PXM 0 -> APIC 0x73 -> Node 0
<6>[    0.000000] SRAT: PXM 0 -> APIC 0x74 -> Node 0
<6>[    0.000000] SRAT: PXM 0 -> APIC 0x75 -> Node 0
<6>[    0.000000] SRAT: PXM 0 -> APIC 0x76 -> Node 0
<6>[    0.000000] SRAT: PXM 0 -> APIC 0x77 -> Node 0
<6>[    0.000000] SRAT: PXM 0 -> APIC 0x78 -> Node 0
<6>[    0.000000] SRAT: PXM 0 -> APIC 0x79 -> Node 0
<6>[    0.000000] SRAT: PXM 0 -> APIC 0x7a -> Node 0
<6>[    0.000000] SRAT: PXM 0 -> APIC 0x7b -> Node 0
<6>[    0.000000] SRAT: PXM 0 -> APIC 0x7c -> Node 0
<6>[    0.000000] SRAT: PXM 0 -> APIC 0x7d -> Node 0
<6>[    0.000000] SRAT: PXM 0 -> APIC 0x7e -> Node 0
<6>[    0.000000] SRAT: PXM 0 -> APIC 0x7f -> Node 0
<6>[    0.000000] ACPI: SRAT: Node 0 PXM 0 [mem 0x00000000-0x0009ffff]
<6>[    0.000000] ACPI: SRAT: Node 0 PXM 0 [mem 0x00100000-0x3fffffff]
<6>[    0.000000] ACPI: SRAT: Node 0 PXM 0 [mem 0x40000000-0xbfffffff] hotplug
<6>[    0.000000] NUMA: Node 0 [mem 0x00000000-0x0009ffff] + [mem 0x00100000-0x3fffffff] -> [mem 0x00000000-0x3fffffff]
<6>[    0.000000] NODE_DATA(0) allocated [mem 0x3ffd5000-0x3fffffff]
<6>[    0.000000] Zone ranges:
<6>[    0.000000]   DMA      [mem 0x0000000000001000-0x0000000000ffffff]
<6>[    0.000000]   DMA32    [mem 0x0000000001000000-0x000000003fffffff]
<6>[    0.000000]   Normal   empty
<6>[    0.000000]   Device   empty
<6>[    0.000000] Movable zone start for each node
<6>[    0.000000] Early memory node ranges
<6>[    0.000000]   node   0: [mem 0x0000000000001000-0x000000000009dfff]
<6>[    0.000000]   node   0: [mem 0x0000000000100000-0x000000003fedffff]
<6>[    0.000000]   node   0: [mem 0x000000003ff00000-0x000000003fffffff]
<6>[    0.000000] Initmem setup node 0 [mem 0x0000000000001000-0x000000003fffffff]
<7>[    0.000000] On node 0 totalpages: 262013
<7>[    0.000000]   DMA zone: 64 pages used for memmap
<7>[    0.000000]   DMA zone: 21 pages reserved
<7>[    0.000000]   DMA zone: 3997 pages, LIFO batch:0
<7>[    0.000000]   DMA32 zone: 4032 pages used for memmap
<7>[    0.000000]   DMA32 zone: 258016 pages, LIFO batch:31
<6>[    0.000000] ACPI: PM-Timer IO Port: 0x1008
<7>[    0.000000] ACPI: Local APIC address 0xfee00000
<7>[    0.000000] system APIC only can use physical flat
<6>[    0.000000] ACPI: LAPIC_NMI (acpi_id[0x00] high edge lint[0x1])
<6>[    0.000000] ACPI: LAPIC_NMI (acpi_id[0x01] high edge lint[0x1])
<6>[    0.000000] ACPI: LAPIC_NMI (acpi_id[0x02] high edge lint[0x1])
<6>[    0.000000] ACPI: LAPIC_NMI (acpi_id[0x03] high edge lint[0x1])
<6>[    0.000000] ACPI: LAPIC_NMI (acpi_id[0x04] high edge lint[0x1])
<6>[    0.000000] ACPI: LAPIC_NMI (acpi_id[0x05] high edge lint[0x1])
<6>[    0.000000] ACPI: LAPIC_NMI (acpi_id[0x06] high edge lint[0x1])
<6>[    0.000000] ACPI: LAPIC_NMI (acpi_id[0x07] high edge lint[0x1])
<6>[    0.000000] ACPI: LAPIC_NMI (acpi_id[0x08] high edge lint[0x1])
<6>[    0.000000] ACPI: LAPIC_NMI (acpi_id[0x09] high edge lint[0x1])
<6>[    0.000000] ACPI: LAPIC_NMI (acpi_id[0x0a] high edge lint[0x1])
<6>[    0.000000] ACPI: LAPIC_NMI (acpi_id[0x0b] high edge lint[0x1])
<6>[    0.000000] ACPI: LAPIC_NMI (acpi_id[0x0c] high edge lint[0x1])
<6>[    0.000000] ACPI: LAPIC_NMI (acpi_id[0x0d] high edge lint[0x1])
<6>[    0.000000] ACPI: LAPIC_NMI (acpi_id[0x0e] high edge lint[0x1])
<6>[    0.000000] ACPI: LAPIC_NMI (acpi_id[0x0f] high edge lint[0x1])
<6>[    0.000000] ACPI: LAPIC_NMI (acpi_id[0x10] high edge lint[0x1])
<6>[    0.000000] ACPI: LAPIC_NMI (acpi_id[0x11] high edge lint[0x1])
<6>[    0.000000] ACPI: LAPIC_NMI (acpi_id[0x12] high edge lint[0x1])
<6>[    0.000000] ACPI: LAPIC_NMI (acpi_id[0x13] high edge lint[0x1])
<6>[    0.000000] ACPI: LAPIC_NMI (acpi_id[0x14] high edge lint[0x1])
<6>[    0.000000] ACPI: LAPIC_NMI (acpi_id[0x15] high edge lint[0x1])
<6>[    0.000000] ACPI: LAPIC_NMI (acpi_id[0x16] high edge lint[0x1])
<6>[    0.000000] ACPI: LAPIC_NMI (acpi_id[0x17] high edge lint[0x1])
<6>[    0.000000] ACPI: LAPIC_NMI (acpi_id[0x18] high edge lint[0x1])
<6>[    0.000000] ACPI: LAPIC_NMI (acpi_id[0x19] high edge lint[0x1])
<6>[    0.000000] ACPI: LAPIC_NMI (acpi_id[0x1a] high edge lint[0x1])
<6>[    0.000000] ACPI: LAPIC_NMI (acpi_id[0x1b] high edge lint[0x1])
<6>[    0.000000] ACPI: LAPIC_NMI (acpi_id[0x1c] high edge lint[0x1])
<6>[    0.000000] ACPI: LAPIC_NMI (acpi_id[0x1d] high edge lint[0x1])
<6>[    0.000000] ACPI: LAPIC_NMI (acpi_id[0x1e] high edge lint[0x1])
<6>[    0.000000] ACPI: LAPIC_NMI (acpi_id[0x1f] high edge lint[0x1])
<6>[    0.000000] ACPI: LAPIC_NMI (acpi_id[0x20] high edge lint[0x1])
<6>[    0.000000] ACPI: LAPIC_NMI (acpi_id[0x21] high edge lint[0x1])
<6>[    0.000000] ACPI: LAPIC_NMI (acpi_id[0x22] high edge lint[0x1])
<6>[    0.000000] ACPI: LAPIC_NMI (acpi_id[0x23] high edge lint[0x1])
<6>[    0.000000] ACPI: LAPIC_NMI (acpi_id[0x24] high edge lint[0x1])
<6>[    0.000000] ACPI: LAPIC_NMI (acpi_id[0x25] high edge lint[0x1])
<6>[    0.000000] ACPI: LAPIC_NMI (acpi_id[0x26] high edge lint[0x1])
<6>[    0.000000] ACPI: LAPIC_NMI (acpi_id[0x27] high edge lint[0x1])
<6>[    0.000000] ACPI: LAPIC_NMI (acpi_id[0x28] high edge lint[0x1])
<6>[    0.000000] ACPI: LAPIC_NMI (acpi_id[0x29] high edge lint[0x1])
<6>[    0.000000] ACPI: LAPIC_NMI (acpi_id[0x2a] high edge lint[0x1])
<6>[    0.000000] ACPI: LAPIC_NMI (acpi_id[0x2b] high edge lint[0x1])
<6>[    0.000000] ACPI: LAPIC_NMI (acpi_id[0x2c] high edge lint[0x1])
<6>[    0.000000] ACPI: LAPIC_NMI (acpi_id[0x2d] high edge lint[0x1])
<6>[    0.000000] ACPI: LAPIC_NMI (acpi_id[0x2e] high edge lint[0x1])
<6>[    0.000000] ACPI: LAPIC_NMI (acpi_id[0x2f] high edge lint[0x1])
<6>[    0.000000] ACPI: LAPIC_NMI (acpi_id[0x30] high edge lint[0x1])
<6>[    0.000000] ACPI: LAPIC_NMI (acpi_id[0x31] high edge lint[0x1])
<6>[    0.000000] ACPI: LAPIC_NMI (acpi_id[0x32] high edge lint[0x1])
<6>[    0.000000] ACPI: LAPIC_NMI (acpi_id[0x33] high edge lint[0x1])
<6>[    0.000000] ACPI: LAPIC_NMI (acpi_id[0x34] high edge lint[0x1])
<6>[    0.000000] ACPI: LAPIC_NMI (acpi_id[0x35] high edge lint[0x1])
<6>[    0.000000] ACPI: LAPIC_NMI (acpi_id[0x36] high edge lint[0x1])
<6>[    0.000000] ACPI: LAPIC_NMI (acpi_id[0x37] high edge lint[0x1])
<6>[    0.000000] ACPI: LAPIC_NMI (acpi_id[0x38] high edge lint[0x1])
<6>[    0.000000] ACPI: LAPIC_NMI (acpi_id[0x39] high edge lint[0x1])
<6>[    0.000000] ACPI: LAPIC_NMI (acpi_id[0x3a] high edge lint[0x1])
<6>[    0.000000] ACPI: LAPIC_NMI (acpi_id[0x3b] high edge lint[0x1])
<6>[    0.000000] ACPI: LAPIC_NMI (acpi_id[0x3c] high edge lint[0x1])
<6>[    0.000000] ACPI: LAPIC_NMI (acpi_id[0x3d] high edge lint[0x1])
<6>[    0.000000] ACPI: LAPIC_NMI (acpi_id[0x3e] high edge lint[0x1])
<6>[    0.000000] ACPI: LAPIC_NMI (acpi_id[0x3f] high edge lint[0x1])
<6>[    0.000000] ACPI: LAPIC_NMI (acpi_id[0x40] high edge lint[0x1])
<6>[    0.000000] ACPI: LAPIC_NMI (acpi_id[0x41] high edge lint[0x1])
<6>[    0.000000] ACPI: LAPIC_NMI (acpi_id[0x42] high edge lint[0x1])
<6>[    0.000000] ACPI: LAPIC_NMI (acpi_id[0x43] high edge lint[0x1])
<6>[    0.000000] ACPI: LAPIC_NMI (acpi_id[0x44] high edge lint[0x1])
<6>[    0.000000] ACPI: LAPIC_NMI (acpi_id[0x45] high edge lint[0x1])
<6>[    0.000000] ACPI: LAPIC_NMI (acpi_id[0x46] high edge lint[0x1])
<6>[    0.000000] ACPI: LAPIC_NMI (acpi_id[0x47] high edge lint[0x1])
<6>[    0.000000] ACPI: LAPIC_NMI (acpi_id[0x48] high edge lint[0x1])
<6>[    0.000000] ACPI: LAPIC_NMI (acpi_id[0x49] high edge lint[0x1])
<6>[    0.000000] ACPI: LAPIC_NMI (acpi_id[0x4a] high edge lint[0x1])
<6>[    0.000000] ACPI: LAPIC_NMI (acpi_id[0x4b] high edge lint[0x1])
<6>[    0.000000] ACPI: LAPIC_NMI (acpi_id[0x4c] high edge lint[0x1])
<6>[    0.000000] ACPI: LAPIC_NMI (acpi_id[0x4d] high edge lint[0x1])
<6>[    0.000000] ACPI: LAPIC_NMI (acpi_id[0x4e] high edge lint[0x1])
<6>[    0.000000] ACPI: LAPIC_NMI (acpi_id[0x4f] high edge lint[0x1])
<6>[    0.000000] ACPI: LAPIC_NMI (acpi_id[0x50] high edge lint[0x1])
<6>[    0.000000] ACPI: LAPIC_NMI (acpi_id[0x51] high edge lint[0x1])
<6>[    0.000000] ACPI: LAPIC_NMI (acpi_id[0x52] high edge lint[0x1])
<6>[    0.000000] ACPI: LAPIC_NMI (acpi_id[0x53] high edge lint[0x1])
<6>[    0.000000] ACPI: LAPIC_NMI (acpi_id[0x54] high edge lint[0x1])
<6>[    0.000000] ACPI: LAPIC_NMI (acpi_id[0x55] high edge lint[0x1])
<6>[    0.000000] ACPI: LAPIC_NMI (acpi_id[0x56] high edge lint[0x1])
<6>[    0.000000] ACPI: LAPIC_NMI (acpi_id[0x57] high edge lint[0x1])
<6>[    0.000000] ACPI: LAPIC_NMI (acpi_id[0x58] high edge lint[0x1])
<6>[    0.000000] ACPI: LAPIC_NMI (acpi_id[0x59] high edge lint[0x1])
<6>[    0.000000] ACPI: LAPIC_NMI (acpi_id[0x5a] high edge lint[0x1])
<6>[    0.000000] ACPI: LAPIC_NMI (acpi_id[0x5b] high edge lint[0x1])
<6>[    0.000000] ACPI: LAPIC_NMI (acpi_id[0x5c] high edge lint[0x1])
<6>[    0.000000] ACPI: LAPIC_NMI (acpi_id[0x5d] high edge lint[0x1])
<6>[    0.000000] ACPI: LAPIC_NMI (acpi_id[0x5e] high edge lint[0x1])
<6>[    0.000000] ACPI: LAPIC_NMI (acpi_id[0x5f] high edge lint[0x1])
<6>[    0.000000] ACPI: LAPIC_NMI (acpi_id[0x60] high edge lint[0x1])
<6>[    0.000000] ACPI: LAPIC_NMI (acpi_id[0x61] high edge lint[0x1])
<6>[    0.000000] ACPI: LAPIC_NMI (acpi_id[0x62] high edge lint[0x1])
<6>[    0.000000] ACPI: LAPIC_NMI (acpi_id[0x63] high edge lint[0x1])
<6>[    0.000000] ACPI: LAPIC_NMI (acpi_id[0x64] high edge lint[0x1])
<6>[    0.000000] ACPI: LAPIC_NMI (acpi_id[0x65] high edge lint[0x1])
<6>[    0.000000] ACPI: LAPIC_NMI (acpi_id[0x66] high edge lint[0x1])
<6>[    0.000000] ACPI: LAPIC_NMI (acpi_id[0x67] high edge lint[0x1])
<6>[    0.000000] ACPI: LAPIC_NMI (acpi_id[0x68] high edge lint[0x1])
<6>[    0.000000] ACPI: LAPIC_NMI (acpi_id[0x69] high edge lint[0x1])
<6>[    0.000000] ACPI: LAPIC_NMI (acpi_id[0x6a] high edge lint[0x1])
<6>[    0.000000] ACPI: LAPIC_NMI (acpi_id[0x6b] high edge lint[0x1])
<6>[    0.000000] ACPI: LAPIC_NMI (acpi_id[0x6c] high edge lint[0x1])
<6>[    0.000000] ACPI: LAPIC_NMI (acpi_id[0x6d] high edge lint[0x1])
<6>[    0.000000] ACPI: LAPIC_NMI (acpi_id[0x6e] high edge lint[0x1])
<6>[    0.000000] ACPI: LAPIC_NMI (acpi_id[0x6f] high edge lint[0x1])
<6>[    0.000000] ACPI: LAPIC_NMI (acpi_id[0x70] high edge lint[0x1])
<6>[    0.000000] ACPI: LAPIC_NMI (acpi_id[0x71] high edge lint[0x1])
<6>[    0.000000] ACPI: LAPIC_NMI (acpi_id[0x72] high edge lint[0x1])
<6>[    0.000000] ACPI: LAPIC_NMI (acpi_id[0x73] high edge lint[0x1])
<6>[    0.000000] ACPI: LAPIC_NMI (acpi_id[0x74] high edge lint[0x1])
<6>[    0.000000] ACPI: LAPIC_NMI (acpi_id[0x75] high edge lint[0x1])
<6>[    0.000000] ACPI: LAPIC_NMI (acpi_id[0x76] high edge lint[0x1])
<6>[    0.000000] ACPI: LAPIC_NMI (acpi_id[0x77] high edge lint[0x1])
<6>[    0.000000] ACPI: LAPIC_NMI (acpi_id[0x78] high edge lint[0x1])
<6>[    0.000000] ACPI: LAPIC_NMI (acpi_id[0x79] high edge lint[0x1])
<6>[    0.000000] ACPI: LAPIC_NMI (acpi_id[0x7a] high edge lint[0x1])
<6>[    0.000000] ACPI: LAPIC_NMI (acpi_id[0x7b] high edge lint[0x1])
<6>[    0.000000] ACPI: LAPIC_NMI (acpi_id[0x7c] high edge lint[0x1])
<6>[    0.000000] ACPI: LAPIC_NMI (acpi_id[0x7d] high edge lint[0x1])
<6>[    0.000000] ACPI: LAPIC_NMI (acpi_id[0x7e] high edge lint[0x1])
<6>[    0.000000] ACPI: LAPIC_NMI (acpi_id[0x7f] high edge lint[0x1])
<6>[    0.000000] IOAPIC[0]: apic_id 128, version 32, address 0xfec00000, GSI 0-23
<6>[    0.000000] ACPI: INT_SRC_OVR (bus 0 bus_irq 0 global_irq 2 high edge)
<7>[    0.000000] ACPI: IRQ0 used by override.
<7>[    0.000000] ACPI: IRQ9 used by override.
<6>[    0.000000] Using ACPI (MADT) for SMP configuration information
<6>[    0.000000] ACPI: HPET id: 0x8086af01 base: 0xfed00000
<6>[    0.000000] smpboot: Allowing 128 CPUs, 126 hotplug CPUs
<6>[    0.000000] PM: Registered nosave memory: [mem 0x00000000-0x00000fff]
<6>[    0.000000] PM: Registered nosave memory: [mem 0x0009e000-0x0009efff]
<6>[    0.000000] PM: Registered nosave memory: [mem 0x0009f000-0x0009ffff]
<6>[    0.000000] PM: Registered nosave memory: [mem 0x000a0000-0x000dbfff]
<6>[    0.000000] PM: Registered nosave memory: [mem 0x000dc000-0x000fffff]
<6>[    0.000000] PM: Registered nosave memory: [mem 0x3fee0000-0x3fefefff]
<6>[    0.000000] PM: Registered nosave memory: [mem 0x3feff000-0x3fefffff]
<6>[    0.000000] e820: [mem 0x40000000-0xefffffff] available for PCI devices
<6>[    0.000000] Booting paravirtualized kernel on VMware hypervisor
<6>[    0.000000] clocksource: refined-jiffies: mask: 0xffffffff max_cycles: 0xffffffff, max_idle_ns: 7645519600211568 ns
<6>[    0.000000] setup_percpu: NR_CPUS:8192 nr_cpumask_bits:128 nr_cpu_ids:128 nr_node_ids:1
<6>[    0.000000] percpu: Embedded 45 pages/cpu @ffff9534fc600000 s146520 r8192 d29608 u262144
<7>[    0.000000] pcpu-alloc: s146520 r8192 d29608 u262144 alloc=1*2097152
<7>[    0.000000] pcpu-alloc: [0] 000 001 002 003 004 005 006 007 
<7>[    0.000000] pcpu-alloc: [0] 008 009 010 011 012 013 014 015 
<7>[    0.000000] pcpu-alloc: [0] 016 017 018 019 020 021 022 023 
<7>[    0.000000] pcpu-alloc: [0] 024 025 026 027 028 029 030 031 
<7>[    0.000000] pcpu-alloc: [0] 032 033 034 035 036 037 038 039 
<7>[    0.000000] pcpu-alloc: [0] 040 041 042 043 044 045 046 047 
<7>[    0.000000] pcpu-alloc: [0] 048 049 050 051 052 053 054 055 
<7>[    0.000000] pcpu-alloc: [0] 056 057 058 059 060 061 062 063 
<7>[    0.000000] pcpu-alloc: [0] 064 065 066 067 068 069 070 071 
<7>[    0.000000] pcpu-alloc: [0] 072 073 074 075 076 077 078 079 
<7>[    0.000000] pcpu-alloc: [0] 080 081 082 083 084 085 086 087 
<7>[    0.000000] pcpu-alloc: [0] 088 089 090 091 092 093 094 095 
<7>[    0.000000] pcpu-alloc: [0] 096 097 098 099 100 101 102 103 
<7>[    0.000000] pcpu-alloc: [0] 104 105 106 107 108 109 110 111 
<7>[    0.000000] pcpu-alloc: [0] 112 113 114 115 116 117 118 119 
<7>[    0.000000] pcpu-alloc: [0] 120 121 122 123 124 125 126 127 
<6>[    0.000000] Built 1 zonelists in Node order, mobility grouping on.  Total pages: 257896
<6>[    0.000000] Policy zone: DMA32
<5>[    0.000000] Kernel command line: BOOT_IMAGE=/boot/vmlinuz-4.13.0-32-generic root=UUID=980bed1f-84d8-4c74-9afe-5c1acb11ed7d ro find_preseed=/preseed.cfg auto noprompt priority=critical locale=en_US quiet
<6>[    0.000000] log_buf_len individual max cpu contribution: 4096 bytes
<6>[    0.000000] log_buf_len total cpu_extra contributions: 520192 bytes
<6>[    0.000000] log_buf_len min size: 262144 bytes
<6>[    0.000000] log_buf_len: 1048576 bytes
<6>[    0.000000] early log buf free: 236672(90%)
<6>[    0.000000] PID hash table entries: 4096 (order: 3, 32768 bytes)
<7>[    0.000000] Calgary: detecting Calgary via BIOS EBDA area
<7>[    0.000000] Calgary: Unable to locate Rio Grande table in EBDA - bailing!
<6>[    0.000000] Memory: 933380K/1048052K available (12300K kernel code, 2481K rwdata, 4004K rodata, 2364K init, 2368K bss, 114672K reserved, 0K cma-reserved)
<6>[    0.000000] SLUB: HWalign=64, Order=0-3, MinObjects=0, CPUs=128, Nodes=1
<6>[    0.000000] Kernel/User page tables isolation: enabled
<6>[    0.000000] ftrace: allocating 37823 entries in 148 pages
<6>[    0.004000] Hierarchical RCU implementation.
<6>[    0.004000] 	RCU restricting CPUs from NR_CPUS=8192 to nr_cpu_ids=128.
<6>[    0.004000] 	Tasks RCU enabled.
<6>[    0.004000] RCU: Adjusting geometry for rcu_fanout_leaf=16, nr_cpu_ids=128
<6>[    0.004000] NR_IRQS: 524544, nr_irqs: 1448, preallocated irqs: 16
<6>[    0.004000] Console: colour VGA+ 80x25
<6>[    0.004000] console [tty0] enabled
<6>[    0.004000] clocksource: hpet: mask: 0xffffffff max_cycles: 0xffffffff, max_idle_ns: 133484882848 ns
<7>[    0.004000] hpet clockevent registered
<6>[    0.004000] tsc: Detected 2801.000 MHz processor
<6>[    0.004000] Calibrating delay loop (skipped) preset value.. 5602.00 BogoMIPS (lpj=11204000)
<6>[    0.004000] pid_max: default: 131072 minimum: 1024
<6>[    0.004000] ACPI: Core revision 20170531
<6>[    0.008212] ACPI: 1 ACPI AML tables successfully acquired and loaded
<6>[    0.008283] Security Framework initialized
<6>[    0.008284] Yama: becoming mindful.
<6>[    0.008389] AppArmor: AppArmor initialized
<6>[    0.011595] Dentry cache hash table entries: 131072 (order: 8, 1048576 bytes)
<6>[    0.013675] Inode-cache hash table entries: 65536 (order: 7, 524288 bytes)
<6>[    0.013751] Mount-cache hash table entries: 2048 (order: 2, 16384 bytes)
<6>[    0.013805] Mountpoint-cache hash table entries: 2048 (order: 2, 16384 bytes)
<6>[    0.014490] Disabled fast string operations
<6>[    0.014494] CPU: Physical Processor ID: 0
<6>[    0.014494] CPU: Processor Core ID: 0
<6>[    0.014500] FEATURE SPEC_CTRL Not Present
<6>[    0.014505] mce: CPU supports 8 MCE banks
<6>[    0.014608] Last level iTLB entries: 4KB 1024, 2MB 1024, 4MB 1024
<6>[    0.014608] Last level dTLB entries: 4KB 1024, 2MB 1024, 4MB 1024, 1GB 4
<6>[    0.014724] Freeing SMP alternatives memory: 36K
<6>[    0.016936] smpboot: Max logical packages: 64
<6>[    0.017148] x2apic enabled
<6>[    0.017433] Switched APIC routing to physical x2apic.
<6>[    0.018563] ..TIMER: vector=0x30 apic1=0 pin1=2 apic2=-1 pin2=-1
<7>[    0.018601] TSC deadline timer enabled
<6>[    0.018634] smpboot: CPU0: Intel(R) Core(TM) i5-4200H CPU @ 2.80GHz (family: 0x6, model: 0x3c, stepping: 0x3)
<6>[    0.018941] Performance Events: Haswell events, core PMU driver.
<4>[    0.018953] core: CPUID marked event: 'cpu cycles' unavailable
<4>[    0.018953] core: CPUID marked event: 'instructions' unavailable
<4>[    0.018953] core: CPUID marked event: 'bus cycles' unavailable
<4>[    0.018954] core: CPUID marked event: 'cache references' unavailable
<4>[    0.018954] core: CPUID marked event: 'cache misses' unavailable
<4>[    0.018954] core: CPUID marked event: 'branch instructions' unavailable
<4>[    0.018955] core: CPUID marked event: 'branch misses' unavailable
<6>[    0.018957] ... version:                1
<6>[    0.018957] ... bit width:              48
<6>[    0.018957] ... generic registers:      4
<6>[    0.018958] ... value mask:             0000ffffffffffff
<6>[    0.018958] ... max period:             000000007fffffff
<6>[    0.018959] ... fixed-purpose events:   0
<6>[    0.018959] ... event mask:             000000000000000f
<6>[    0.019126] Hierarchical SRCU implementation.
<4>[    0.024120] NMI watchdog: disabled (cpu0): hardware events not enabled
<6>[    0.024121] NMI watchdog: Shutting down hard lockup detector on all cpus
<6>[    0.028275] smp: Bringing up secondary CPUs ...
<6>[    0.028907] x86: Booting SMP configuration:
<6>[    0.028908] .... node  #0, CPUs:          #1
<6>[    0.004000] Disabled fast string operations
<6>[    0.029912] smp: Brought up 1 node, 2 CPUs
<6>[    0.029912] smpboot: Total of 2 processors activated (11204.00 BogoMIPS)
<6>[    0.032001] devtmpfs: initialized
<6>[    0.032639] x86/mm: Memory block size: 128MB
<6>[    0.032897] evm: security.selinux
<6>[    0.032897] evm: security.SMACK64
<6>[    0.032898] evm: security.SMACK64EXEC
<6>[    0.032898] evm: security.SMACK64TRANSMUTE
<6>[    0.032898] evm: security.SMACK64MMAP
<6>[    0.032898] evm: security.ima
<6>[    0.032899] evm: security.capability
<6>[    0.033167] PM: Registering ACPI NVS region [mem 0x3feff000-0x3fefffff] (4096 bytes)
<6>[    0.033167] clocksource: jiffies: mask: 0xffffffff max_cycles: 0xffffffff, max_idle_ns: 7645041785100000 ns
<6>[    0.033167] futex hash table entries: 32768 (order: 9, 2097152 bytes)
<6>[    0.036008] pinctrl core: initialized pinctrl subsystem
<6>[    0.036008] RTC time:  1:19:17, date: 03/01/18
<6>[    0.036008] NET: Registered protocol family 16
<6>[    0.040026] cpuidle: using governor ladder
<6>[    0.040103] cpuidle: using governor menu
<4>[    0.040103] PCCT header not found.
<6>[    0.040103] Simple Boot Flag at 0x36 set to 0x80
<6>[    0.040103] ACPI: bus type PCI registered
<6>[    0.040103] acpiphp: ACPI Hot Plug PCI Controller Driver version: 0.5
<6>[    0.040549] PCI: MMCONFIG for domain 0000 [bus 00-7f] at [mem 0xf0000000-0xf7ffffff] (base 0xf0000000)
<6>[    0.040551] PCI: MMCONFIG at [mem 0xf0000000-0xf7ffffff] reserved in E820
<6>[    0.040559] PCI: Using configuration type 1 for base access
<6>[    0.040599] core: PMU erratum BJ122, BV98, HSD29 workaround disabled, HT off
<6>[    0.041064] HugeTLB registered 1.00 GiB page size, pre-allocated 0 pages
<6>[    0.041064] HugeTLB registered 2.00 MiB page size, pre-allocated 0 pages
<6>[    0.044148] ACPI: Added _OSI(Module Device)
<6>[    0.044149] ACPI: Added _OSI(Processor Device)
<6>[    0.044150] ACPI: Added _OSI(3.0 _SCP Extensions)
<6>[    0.044150] ACPI: Added _OSI(Processor Aggregator Device)
<5>[    0.047012] ACPI: [Firmware Bug]: BIOS _OSI(Linux) query ignored
<6>[    0.061262] ACPI: Interpreter enabled
<6>[    0.061273] ACPI: (supports S0 S1 S4 S5)
<6>[    0.061274] ACPI: Using IOAPIC for interrupt routing
<6>[    0.061359] PCI: Using host bridge windows from ACPI; if necessary, use "pci=nocrs" and report a bug
<6>[    0.061831] ACPI: Enabled 4 GPEs in block 00 to 0F
<6>[    0.122927] ACPI: PCI Root Bridge [PCI0] (domain 0000 [bus 00-7f])
<6>[    0.122932] acpi PNP0A03:00: _OSC: OS supports [ExtendedConfig ASPM ClockPM Segments MSI]
<6>[    0.123067] acpi PNP0A03:00: _OSC: platform does not support [AER]
<6>[    0.123193] acpi PNP0A03:00: _OSC: OS now controls [PCIeHotplug PME PCIeCapability]
<6>[    0.124751] PCI host bridge to bus 0000:00
<6>[    0.124753] pci_bus 0000:00: root bus resource [mem 0x000a0000-0x000bffff window]
<6>[    0.124754] pci_bus 0000:00: root bus resource [mem 0x000d0000-0x000d3fff window]
<6>[    0.124755] pci_bus 0000:00: root bus resource [mem 0x000d4000-0x000d7fff window]
<6>[    0.124756] pci_bus 0000:00: root bus resource [mem 0x000d8000-0x000dbfff window]
<6>[    0.124756] pci_bus 0000:00: root bus resource [mem 0xc0000000-0xfebfffff window]
<6>[    0.124757] pci_bus 0000:00: root bus resource [io  0x0000-0x0cf7 window]
<6>[    0.124758] pci_bus 0000:00: root bus resource [io  0x0d00-0xfeff window]
<6>[    0.124759] pci_bus 0000:00: root bus resource [bus 00-7f]
<7>[    0.124805] pci 0000:00:00.0: [8086:7190] type 00 class 0x060000
<7>[    0.125448] pci 0000:00:01.0: [8086:7191] type 01 class 0x060400
<7>[    0.126090] pci 0000:00:07.0: [8086:7110] type 00 class 0x060100
<7>[    0.127070] pci 0000:00:07.1: [8086:7111] type 00 class 0x01018a
<7>[    0.128673] pci 0000:00:07.1: reg 0x20: [io  0x1060-0x106f]
<6>[    0.129319] pci 0000:00:07.1: legacy IDE quirk: reg 0x10: [io  0x01f0-0x01f7]
<6>[    0.129319] pci 0000:00:07.1: legacy IDE quirk: reg 0x14: [io  0x03f6]
<6>[    0.129320] pci 0000:00:07.1: legacy IDE quirk: reg 0x18: [io  0x0170-0x0177]
<6>[    0.129320] pci 0000:00:07.1: legacy IDE quirk: reg 0x1c: [io  0x0376]
<7>[    0.129602] pci 0000:00:07.3: [8086:7113] type 00 class 0x068000
<6>[    0.131305] pci 0000:00:07.3: quirk: [io  0x1000-0x103f] claimed by PIIX4 ACPI
<6>[    0.131315] pci 0000:00:07.3: quirk: [io  0x1040-0x104f] claimed by PIIX4 SMB
<7>[    0.131761] pci 0000:00:07.7: [15ad:0740] type 00 class 0x088000
<7>[    0.132292] pci 0000:00:07.7: reg 0x10: [io  0x1080-0x10bf]
<7>[    0.132851] pci 0000:00:07.7: reg 0x14: [mem 0xfebfe000-0xfebfffff 64bit]
<7>[    0.135511] pci 0000:00:0f.0: [15ad:0405] type 00 class 0x030000
<7>[    0.136985] pci 0000:00:0f.0: reg 0x10: [io  0x1070-0x107f]
<7>[    0.138976] pci 0000:00:0f.0: reg 0x14: [mem 0xe8000000-0xefffffff pref]
<7>[    0.140951] pci 0000:00:0f.0: reg 0x18: [mem 0xfe000000-0xfe7fffff]
<7>[    0.149013] pci 0000:00:0f.0: reg 0x30: [mem 0x00000000-0x00007fff pref]
<7>[    0.149424] pci 0000:00:10.0: [1000:0030] type 00 class 0x010000
<7>[    0.150418] pci 0000:00:10.0: reg 0x10: [io  0x1400-0x14ff]
<7>[    0.151341] pci 0000:00:10.0: reg 0x14: [mem 0xfeba0000-0xfebbffff 64bit]
<7>[    0.152004] pci 0000:00:10.0: reg 0x1c: [mem 0xfebc0000-0xfebdffff 64bit]
<7>[    0.153869] pci 0000:00:10.0: reg 0x30: [mem 0x00000000-0x00003fff pref]
<7>[    0.154232] pci 0000:00:11.0: [15ad:0790] type 01 class 0x060401
<7>[    0.154833] pci 0000:00:15.0: [15ad:07a0] type 01 class 0x060400
<7>[    0.155420] pci 0000:00:15.0: PME# supported from D0 D3hot D3cold
<7>[    0.155737] pci 0000:00:15.1: [15ad:07a0] type 01 class 0x060400
<7>[    0.156317] pci 0000:00:15.1: PME# supported from D0 D3hot D3cold
<7>[    0.156602] pci 0000:00:15.2: [15ad:07a0] type 01 class 0x060400
<7>[    0.157186] pci 0000:00:15.2: PME# supported from D0 D3hot D3cold
<7>[    0.157462] pci 0000:00:15.3: [15ad:07a0] type 01 class 0x060400
<7>[    0.158095] pci 0000:00:15.3: PME# supported from D0 D3hot D3cold
<7>[    0.158481] pci 0000:00:15.4: [15ad:07a0] type 01 class 0x060400
<7>[    0.159048] pci 0000:00:15.4: PME# supported from D0 D3hot D3cold
<7>[    0.159316] pci 0000:00:15.5: [15ad:07a0] type 01 class 0x060400
<7>[    0.159881] pci 0000:00:15.5: PME# supported from D0 D3hot D3cold
<7>[    0.160129] pci 0000:00:15.6: [15ad:07a0] type 01 class 0x060400
<7>[    0.160695] pci 0000:00:15.6: PME# supported from D0 D3hot D3cold
<7>[    0.160961] pci 0000:00:15.7: [15ad:07a0] type 01 class 0x060400
<7>[    0.161582] pci 0000:00:15.7: PME# supported from D0 D3hot D3cold
<7>[    0.161821] pci 0000:00:16.0: [15ad:07a0] type 01 class 0x060400
<7>[    0.162387] pci 0000:00:16.0: PME# supported from D0 D3hot D3cold
<7>[    0.162671] pci 0000:00:16.1: [15ad:07a0] type 01 class 0x060400
<7>[    0.163237] pci 0000:00:16.1: PME# supported from D0 D3hot D3cold
<7>[    0.163508] pci 0000:00:16.2: [15ad:07a0] type 01 class 0x060400
<7>[    0.164071] pci 0000:00:16.2: PME# supported from D0 D3hot D3cold
<7>[    0.164339] pci 0000:00:16.3: [15ad:07a0] type 01 class 0x060400
<7>[    0.164905] pci 0000:00:16.3: PME# supported from D0 D3hot D3cold
<7>[    0.165271] pci 0000:00:16.4: [15ad:07a0] type 01 class 0x060400
<7>[    0.165895] pci 0000:00:16.4: PME# supported from D0 D3hot D3cold
<7>[    0.166172] pci 0000:00:16.5: [15ad:07a0] type 01 class 0x060400
<7>[    0.166738] pci 0000:00:16.5: PME# supported from D0 D3hot D3cold
<7>[    0.167004] pci 0000:00:16.6: [15ad:07a0] type 01 class 0x060400
<7>[    0.167570] pci 0000:00:16.6: PME# supported from D0 D3hot D3cold
<7>[    0.167836] pci 0000:00:16.7: [15ad:07a0] type 01 class 0x060400
<7>[    0.168401] pci 0000:00:16.7: PME# supported from D0 D3hot D3cold
<7>[    0.168686] pci 0000:00:17.0: [15ad:07a0] type 01 class 0x060400
<7>[    0.169443] pci 0000:00:17.0: PME# supported from D0 D3hot D3cold
<7>[    0.169712] pci 0000:00:17.1: [15ad:07a0] type 01 class 0x060400
<7>[    0.170276] pci 0000:00:17.1: PME# supported from D0 D3hot D3cold
<7>[    0.170556] pci 0000:00:17.2: [15ad:07a0] type 01 class 0x060400
<7>[    0.171117] pci 0000:00:17.2: PME# supported from D0 D3hot D3cold
<7>[    0.171412] pci 0000:00:17.3: [15ad:07a0] type 01 class 0x060400
<7>[    0.171972] pci 0000:00:17.3: PME# supported from D0 D3hot D3cold
<7>[    0.172374] pci 0000:00:17.4: [15ad:07a0] type 01 class 0x060400
<7>[    0.172935] pci 0000:00:17.4: PME# supported from D0 D3hot D3cold
<7>[    0.173206] pci 0000:00:17.5: [15ad:07a0] type 01 class 0x060400
<7>[    0.173768] pci 0000:00:17.5: PME# supported from D0 D3hot D3cold
<7>[    0.174035] pci 0000:00:17.6: [15ad:07a0] type 01 class 0x060400
<7>[    0.174621] pci 0000:00:17.6: PME# supported from D0 D3hot D3cold
<7>[    0.174891] pci 0000:00:17.7: [15ad:07a0] type 01 class 0x060400
<7>[    0.175451] pci 0000:00:17.7: PME# supported from D0 D3hot D3cold
<7>[    0.175717] pci 0000:00:18.0: [15ad:07a0] type 01 class 0x060400
<7>[    0.176278] pci 0000:00:18.0: PME# supported from D0 D3hot D3cold
<7>[    0.176514] pci 0000:00:18.1: [15ad:07a0] type 01 class 0x060400
<7>[    0.177120] pci 0000:00:18.1: PME# supported from D0 D3hot D3cold
<7>[    0.177391] pci 0000:00:18.2: [15ad:07a0] type 01 class 0x060400
<7>[    0.177952] pci 0000:00:18.2: PME# supported from D0 D3hot D3cold
<7>[    0.178217] pci 0000:00:18.3: [15ad:07a0] type 01 class 0x060400
<7>[    0.178777] pci 0000:00:18.3: PME# supported from D0 D3hot D3cold
<7>[    0.179188] pci 0000:00:18.4: [15ad:07a0] type 01 class 0x060400
<7>[    0.179749] pci 0000:00:18.4: PME# supported from D0 D3hot D3cold
<7>[    0.179987] pci 0000:00:18.5: [15ad:07a0] type 01 class 0x060400
<7>[    0.180541] pci 0000:00:18.5: PME# supported from D0 D3hot D3cold
<7>[    0.180812] pci 0000:00:18.6: [15ad:07a0] type 01 class 0x060400
<7>[    0.181422] pci 0000:00:18.6: PME# supported from D0 D3hot D3cold
<7>[    0.181696] pci 0000:00:18.7: [15ad:07a0] type 01 class 0x060400
<7>[    0.182261] pci 0000:00:18.7: PME# supported from D0 D3hot D3cold
<6>[    0.182946] pci 0000:00:01.0: PCI bridge to [bus 01]
<6>[    0.183301] acpiphp: Slot [32] registered
<6>[    0.183318] acpiphp: Slot [33] registered
<6>[    0.183333] acpiphp: Slot [34] registered
<6>[    0.183377] acpiphp: Slot [35] registered
<6>[    0.183393] acpiphp: Slot [36] registered
<6>[    0.183408] acpiphp: Slot [37] registered
<6>[    0.183439] acpiphp: Slot [38] registered
<6>[    0.183454] acpiphp: Slot [39] registered
<6>[    0.183469] acpiphp: Slot [40] registered
<6>[    0.183483] acpiphp: Slot [41] registered
<6>[    0.183498] acpiphp: Slot [42] registered
<6>[    0.183512] acpiphp: Slot [43] registered
<6>[    0.183526] acpiphp: Slot [44] registered
<6>[    0.183541] acpiphp: Slot [45] registered
<6>[    0.183555] acpiphp: Slot [46] registered
<6>[    0.183570] acpiphp: Slot [47] registered
<6>[    0.183584] acpiphp: Slot [48] registered
<6>[    0.183626] acpiphp: Slot [49] registered
<6>[    0.183642] acpiphp: Slot [50] registered
<6>[    0.183656] acpiphp: Slot [51] registered
<6>[    0.183671] acpiphp: Slot [52] registered
<6>[    0.183685] acpiphp: Slot [53] registered
<6>[    0.183699] acpiphp: Slot [54] registered
<6>[    0.183714] acpiphp: Slot [55] registered
<6>[    0.183729] acpiphp: Slot [56] registered
<6>[    0.183743] acpiphp: Slot [57] registered
<6>[    0.183758] acpiphp: Slot [58] registered
<6>[    0.183772] acpiphp: Slot [59] registered
<6>[    0.183787] acpiphp: Slot [60] registered
<6>[    0.183801] acpiphp: Slot [61] registered
<6>[    0.183843] acpiphp: Slot [62] registered
<6>[    0.183859] acpiphp: Slot [63] registered
<7>[    0.183915] pci 0000:02:00.0: [15ad:0774] type 00 class 0x0c0300
<7>[    0.185413] pci 0000:02:00.0: reg 0x20: [io  0x2080-0x209f]
<7>[    0.186304] pci 0000:02:01.0: [8086:100f] type 00 class 0x020000
<7>[    0.187316] pci 0000:02:01.0: reg 0x10: [mem 0xfd5c0000-0xfd5dffff 64bit]
<7>[    0.188004] pci 0000:02:01.0: reg 0x18: [mem 0xfdff0000-0xfdffffff 64bit]
<7>[    0.188891] pci 0000:02:01.0: reg 0x20: [io  0x2000-0x203f]
<7>[    0.190609] pci 0000:02:01.0: reg 0x30: [mem 0x00000000-0x0000ffff pref]
<7>[    0.191074] pci 0000:02:02.0: [1274:1371] type 00 class 0x040100
<7>[    0.191380] pci 0000:02:02.0: reg 0x10: [io  0x2040-0x207f]
<7>[    0.193146] pci 0000:02:03.0: [15ad:0770] type 00 class 0x0c0320
<7>[    0.193631] pci 0000:02:03.0: reg 0x10: [mem 0xfd5ef000-0xfd5effff]
<7>[    0.196798] pci 0000:02:05.0: [15ad:07e0] type 00 class 0x010601
<7>[    0.199284] pci 0000:02:05.0: reg 0x24: [mem 0xfd5ee000-0xfd5eefff]
<7>[    0.199665] pci 0000:02:05.0: reg 0x30: [mem 0x00000000-0x0000ffff pref]
<7>[    0.200057] pci 0000:02:05.0: PME# supported from D3hot
<6>[    0.200503] pci 0000:00:11.0: PCI bridge to [bus 02] (subtractive decode)
<7>[    0.200520] pci 0000:00:11.0:   bridge window [io  0x2000-0x3fff]
<7>[    0.200536] pci 0000:00:11.0:   bridge window [mem 0xfd500000-0xfdffffff]
<7>[    0.200567] pci 0000:00:11.0:   bridge window [mem 0xe7b00000-0xe7ffffff 64bit pref]
<7>[    0.200568] pci 0000:00:11.0:   bridge window [mem 0x000a0000-0x000bffff window] (subtractive decode)
<7>[    0.200569] pci 0000:00:11.0:   bridge window [mem 0x000d0000-0x000d3fff window] (subtractive decode)
<7>[    0.200569] pci 0000:00:11.0:   bridge window [mem 0x000d4000-0x000d7fff window] (subtractive decode)
<7>[    0.200570] pci 0000:00:11.0:   bridge window [mem 0x000d8000-0x000dbfff window] (subtractive decode)
<7>[    0.200571] pci 0000:00:11.0:   bridge window [mem 0xc0000000-0xfebfffff window] (subtractive decode)
<7>[    0.200572] pci 0000:00:11.0:   bridge window [io  0x0000-0x0cf7 window] (subtractive decode)
<7>[    0.200572] pci 0000:00:11.0:   bridge window [io  0x0d00-0xfeff window] (subtractive decode)
<6>[    0.200859] pci 0000:00:15.0: PCI bridge to [bus 03]
<7>[    0.200875] pci 0000:00:15.0:   bridge window [io  0x4000-0x4fff]
<7>[    0.200891] pci 0000:00:15.0:   bridge window [mem 0xfd400000-0xfd4fffff]
<7>[    0.200921] pci 0000:00:15.0:   bridge window [mem 0xe7a00000-0xe7afffff 64bit pref]
<6>[    0.201260] pci 0000:00:15.1: PCI bridge to [bus 04]
<7>[    0.201275] pci 0000:00:15.1:   bridge window [io  0x8000-0x8fff]
<7>[    0.201291] pci 0000:00:15.1:   bridge window [mem 0xfd000000-0xfd0fffff]
<7>[    0.201320] pci 0000:00:15.1:   bridge window [mem 0xe7600000-0xe76fffff 64bit pref]
<6>[    0.201578] pci 0000:00:15.2: PCI bridge to [bus 05]
<7>[    0.201593] pci 0000:00:15.2:   bridge window [io  0xc000-0xcfff]
<7>[    0.201609] pci 0000:00:15.2:   bridge window [mem 0xfcc00000-0xfccfffff]
<7>[    0.201638] pci 0000:00:15.2:   bridge window [mem 0xe7200000-0xe72fffff 64bit pref]
<6>[    0.201975] pci 0000:00:15.3: PCI bridge to [bus 06]
<7>[    0.202005] pci 0000:00:15.3:   bridge window [mem 0xfc800000-0xfc8fffff]
<7>[    0.202035] pci 0000:00:15.3:   bridge window [mem 0xe6e00000-0xe6efffff 64bit pref]
<6>[    0.202331] pci 0000:00:15.4: PCI bridge to [bus 07]
<7>[    0.202360] pci 0000:00:15.4:   bridge window [mem 0xfc400000-0xfc4fffff]
<7>[    0.202390] pci 0000:00:15.4:   bridge window [mem 0xe6a00000-0xe6afffff 64bit pref]
<6>[    0.202645] pci 0000:00:15.5: PCI bridge to [bus 08]
<7>[    0.202674] pci 0000:00:15.5:   bridge window [mem 0xfc000000-0xfc0fffff]
<7>[    0.202704] pci 0000:00:15.5:   bridge window [mem 0xe6600000-0xe66fffff 64bit pref]
<6>[    0.202964] pci 0000:00:15.6: PCI bridge to [bus 09]
<7>[    0.202994] pci 0000:00:15.6:   bridge window [mem 0xfbc00000-0xfbcfffff]
<7>[    0.203023] pci 0000:00:15.6:   bridge window [mem 0xe6200000-0xe62fffff 64bit pref]
<6>[    0.203322] pci 0000:00:15.7: PCI bridge to [bus 0a]
<7>[    0.203351] pci 0000:00:15.7:   bridge window [mem 0xfb800000-0xfb8fffff]
<7>[    0.203381] pci 0000:00:15.7:   bridge window [mem 0xe5e00000-0xe5efffff 64bit pref]
<6>[    0.203673] pci 0000:00:16.0: PCI bridge to [bus 0b]
<7>[    0.203689] pci 0000:00:16.0:   bridge window [io  0x5000-0x5fff]
<7>[    0.203704] pci 0000:00:16.0:   bridge window [mem 0xfd300000-0xfd3fffff]
<7>[    0.203734] pci 0000:00:16.0:   bridge window [mem 0xe7900000-0xe79fffff 64bit pref]
<6>[    0.203990] pci 0000:00:16.1: PCI bridge to [bus 0c]
<7>[    0.204004] pci 0000:00:16.1:   bridge window [io  0x9000-0x9fff]
<7>[    0.204020] pci 0000:00:16.1:   bridge window [mem 0xfcf00000-0xfcffffff]
<7>[    0.204049] pci 0000:00:16.1:   bridge window [mem 0xe7500000-0xe75fffff 64bit pref]
<6>[    0.204336] pci 0000:00:16.2: PCI bridge to [bus 0d]
<7>[    0.204352] pci 0000:00:16.2:   bridge window [io  0xd000-0xdfff]
<7>[    0.204367] pci 0000:00:16.2:   bridge window [mem 0xfcb00000-0xfcbfffff]
<7>[    0.204397] pci 0000:00:16.2:   bridge window [mem 0xe7100000-0xe71fffff 64bit pref]
<6>[    0.204651] pci 0000:00:16.3: PCI bridge to [bus 0e]
<7>[    0.204680] pci 0000:00:16.3:   bridge window [mem 0xfc700000-0xfc7fffff]
<7>[    0.204710] pci 0000:00:16.3:   bridge window [mem 0xe6d00000-0xe6dfffff 64bit pref]
<6>[    0.204963] pci 0000:00:16.4: PCI bridge to [bus 0f]
<7>[    0.204993] pci 0000:00:16.4:   bridge window [mem 0xfc300000-0xfc3fffff]
<7>[    0.205022] pci 0000:00:16.4:   bridge window [mem 0xe6900000-0xe69fffff 64bit pref]
<6>[    0.205324] pci 0000:00:16.5: PCI bridge to [bus 10]
<7>[    0.205354] pci 0000:00:16.5:   bridge window [mem 0xfbf00000-0xfbffffff]
<7>[    0.205384] pci 0000:00:16.5:   bridge window [mem 0xe6500000-0xe65fffff 64bit pref]
<6>[    0.205777] pci 0000:00:16.6: PCI bridge to [bus 11]
<7>[    0.205806] pci 0000:00:16.6:   bridge window [mem 0xfbb00000-0xfbbfffff]
<7>[    0.205836] pci 0000:00:16.6:   bridge window [mem 0xe6100000-0xe61fffff 64bit pref]
<6>[    0.206093] pci 0000:00:16.7: PCI bridge to [bus 12]
<7>[    0.206123] pci 0000:00:16.7:   bridge window [mem 0xfb700000-0xfb7fffff]
<7>[    0.206152] pci 0000:00:16.7:   bridge window [mem 0xe5d00000-0xe5dfffff 64bit pref]
<6>[    0.206440] pci 0000:00:17.0: PCI bridge to [bus 13]
<7>[    0.206455] pci 0000:00:17.0:   bridge window [io  0x6000-0x6fff]
<7>[    0.206471] pci 0000:00:17.0:   bridge window [mem 0xfd200000-0xfd2fffff]
<7>[    0.206500] pci 0000:00:17.0:   bridge window [mem 0xe7800000-0xe78fffff 64bit pref]
<6>[    0.206813] pci 0000:00:17.1: PCI bridge to [bus 14]
<7>[    0.206828] pci 0000:00:17.1:   bridge window [io  0xa000-0xafff]
<7>[    0.206844] pci 0000:00:17.1:   bridge window [mem 0xfce00000-0xfcefffff]
<7>[    0.206873] pci 0000:00:17.1:   bridge window [mem 0xe7400000-0xe74fffff 64bit pref]
<6>[    0.207131] pci 0000:00:17.2: PCI bridge to [bus 15]
<7>[    0.207146] pci 0000:00:17.2:   bridge window [io  0xe000-0xefff]
<7>[    0.207161] pci 0000:00:17.2:   bridge window [mem 0xfca00000-0xfcafffff]
<7>[    0.207191] pci 0000:00:17.2:   bridge window [mem 0xe7000000-0xe70fffff 64bit pref]
<6>[    0.207534] pci 0000:00:17.3: PCI bridge to [bus 16]
<7>[    0.207564] pci 0000:00:17.3:   bridge window [mem 0xfc600000-0xfc6fffff]
<7>[    0.207594] pci 0000:00:17.3:   bridge window [mem 0xe6c00000-0xe6cfffff 64bit pref]
<6>[    0.207853] pci 0000:00:17.4: PCI bridge to [bus 17]
<7>[    0.207883] pci 0000:00:17.4:   bridge window [mem 0xfc200000-0xfc2fffff]
<7>[    0.207912] pci 0000:00:17.4:   bridge window [mem 0xe6800000-0xe68fffff 64bit pref]
<6>[    0.208167] pci 0000:00:17.5: PCI bridge to [bus 18]
<7>[    0.208197] pci 0000:00:17.5:   bridge window [mem 0xfbe00000-0xfbefffff]
<7>[    0.208226] pci 0000:00:17.5:   bridge window [mem 0xe6400000-0xe64fffff 64bit pref]
<6>[    0.208513] pci 0000:00:17.6: PCI bridge to [bus 19]
<7>[    0.208543] pci 0000:00:17.6:   bridge window [mem 0xfba00000-0xfbafffff]
<7>[    0.208572] pci 0000:00:17.6:   bridge window [mem 0xe6000000-0xe60fffff 64bit pref]
<6>[    0.208827] pci 0000:00:17.7: PCI bridge to [bus 1a]
<7>[    0.208857] pci 0000:00:17.7:   bridge window [mem 0xfb600000-0xfb6fffff]
<7>[    0.208886] pci 0000:00:17.7:   bridge window [mem 0xe5c00000-0xe5cfffff 64bit pref]
<6>[    0.209141] pci 0000:00:18.0: PCI bridge to [bus 1b]
<7>[    0.209156] pci 0000:00:18.0:   bridge window [io  0x7000-0x7fff]
<7>[    0.209172] pci 0000:00:18.0:   bridge window [mem 0xfd100000-0xfd1fffff]
<7>[    0.209201] pci 0000:00:18.0:   bridge window [mem 0xe7700000-0xe77fffff 64bit pref]
<6>[    0.209534] pci 0000:00:18.1: PCI bridge to [bus 1c]
<7>[    0.209549] pci 0000:00:18.1:   bridge window [io  0xb000-0xbfff]
<7>[    0.209564] pci 0000:00:18.1:   bridge window [mem 0xfcd00000-0xfcdfffff]
<7>[    0.209594] pci 0000:00:18.1:   bridge window [mem 0xe7300000-0xe73fffff 64bit pref]
<6>[    0.209853] pci 0000:00:18.2: PCI bridge to [bus 1d]
<7>[    0.209882] pci 0000:00:18.2:   bridge window [mem 0xfc900000-0xfc9fffff]
<7>[    0.209911] pci 0000:00:18.2:   bridge window [mem 0xe6f00000-0xe6ffffff 64bit pref]
<6>[    0.210172] pci 0000:00:18.3: PCI bridge to [bus 1e]
<7>[    0.210201] pci 0000:00:18.3:   bridge window [mem 0xfc500000-0xfc5fffff]
<7>[    0.210231] pci 0000:00:18.3:   bridge window [mem 0xe6b00000-0xe6bfffff 64bit pref]
<6>[    0.210519] pci 0000:00:18.4: PCI bridge to [bus 1f]
<7>[    0.210548] pci 0000:00:18.4:   bridge window [mem 0xfc100000-0xfc1fffff]
<7>[    0.210578] pci 0000:00:18.4:   bridge window [mem 0xe6700000-0xe67fffff 64bit pref]
<6>[    0.210835] pci 0000:00:18.5: PCI bridge to [bus 20]
<7>[    0.210864] pci 0000:00:18.5:   bridge window [mem 0xfbd00000-0xfbdfffff]
<7>[    0.210893] pci 0000:00:18.5:   bridge window [mem 0xe6300000-0xe63fffff 64bit pref]
<6>[    0.211269] pci 0000:00:18.6: PCI bridge to [bus 21]
<7>[    0.211299] pci 0000:00:18.6:   bridge window [mem 0xfb900000-0xfb9fffff]
<7>[    0.211328] pci 0000:00:18.6:   bridge window [mem 0xe5f00000-0xe5ffffff 64bit pref]
<6>[    0.211676] pci 0000:00:18.7: PCI bridge to [bus 22]
<7>[    0.211705] pci 0000:00:18.7:   bridge window [mem 0xfb500000-0xfb5fffff]
<7>[    0.211735] pci 0000:00:18.7:   bridge window [mem 0xe5b00000-0xe5bfffff 64bit pref]
<6>[    0.214245] ACPI: PCI Interrupt Link [LNKA] (IRQs 3 4 5 6 7 *9 10 11 14 15)
<6>[    0.214304] ACPI: PCI Interrupt Link [LNKB] (IRQs 3 4 5 6 7 9 10 *11 14 15)
<6>[    0.214360] ACPI: PCI Interrupt Link [LNKC] (IRQs 3 4 5 6 7 9 *10 11 14 15)
<6>[    0.214415] ACPI: PCI Interrupt Link [LNKD] (IRQs 3 4 5 6 *7 9 10 11 14 15)
<5>[    0.224342] SCSI subsystem initialized
<7>[    0.224507] libata version 3.00 loaded.
<6>[    0.224507] pci 0000:00:0f.0: vgaarb: setting as boot VGA device
<6>[    0.224507] pci 0000:00:0f.0: vgaarb: VGA device added: decodes=io+mem,owns=io+mem,locks=none
<6>[    0.224507] pci 0000:00:0f.0: vgaarb: bridge control possible
<6>[    0.224507] vgaarb: loaded
<6>[    0.224507] ACPI: bus type USB registered
<6>[    0.224507] usbcore: registered new interface driver usbfs
<6>[    0.224507] usbcore: registered new interface driver hub
<6>[    0.224507] usbcore: registered new device driver usb
<6>[    0.224507] EDAC MC: Ver: 3.0.0
<6>[    0.225140] PCI: Using ACPI for IRQ routing
<7>[    0.248194] PCI: pci_cache_line_size set to 64 bytes
<7>[    0.249011] e820: reserve RAM buffer [mem 0x0009e800-0x0009ffff]
<7>[    0.249013] e820: reserve RAM buffer [mem 0x3fee0000-0x3fffffff]
<6>[    0.249265] NetLabel: Initializing
<6>[    0.249274] NetLabel:  domain hash size = 128
<6>[    0.249274] NetLabel:  protocols = UNLABELED CIPSOv4 CALIPSO
<6>[    0.249291] NetLabel:  unlabeled traffic allowed by default
<6>[    0.249318] hpet0: at MMIO 0xfed00000, IRQs 2, 8, 0, 0, 0, 0, 0, 0, 0, 0, 0, 0, 0, 0, 0, 0
<6>[    0.249318] hpet0: 16 comparators, 64-bit 14.318180 MHz counter
<6>[    0.250154] clocksource: Switched to clocksource hpet
<5>[    0.292954] VFS: Disk quotas dquot_6.6.0
<6>[    0.293011] VFS: Dquot-cache hash table entries: 512 (order 0, 4096 bytes)
<6>[    0.293617] AppArmor: AppArmor Filesystem Enabled
<6>[    0.293839] pnp: PnP ACPI init
<6>[    0.294084] system 00:00: [io  0x1000-0x103f] has been reserved
<6>[    0.294085] system 00:00: [io  0x1040-0x104f] has been reserved
<6>[    0.294087] system 00:00: [io  0x0cf0-0x0cf1] has been reserved
<7>[    0.294090] system 00:00: Plug and Play ACPI device, IDs PNP0c02 (active)
<7>[    0.294142] pnp 00:01: Plug and Play ACPI device, IDs PNP0b00 (active)
<7>[    0.294157] pnp 00:02: Plug and Play ACPI device, IDs PNP0303 (active)
<7>[    0.294169] pnp 00:03: Plug and Play ACPI device, IDs VMW0003 PNP0f13 (active)
<6>[    0.294515] system 00:04: [mem 0xfed00000-0xfed003ff] has been reserved
<7>[    0.294517] system 00:04: Plug and Play ACPI device, IDs PNP0103 PNP0c01 (active)
<7>[    0.295622] pnp 00:05: Plug and Play ACPI device, IDs PNP0501 (active)
<6>[    0.295930] system 00:06: [io  0xfce0-0xfcff] has been reserved
<6>[    0.295932] system 00:06: [mem 0xf0000000-0xf7ffffff] has been reserved
<6>[    0.295935] system 00:06: [mem 0xfe800000-0xfe9fffff] has been reserved
<7>[    0.295937] system 00:06: Plug and Play ACPI device, IDs PNP0c02 (active)
<6>[    0.300565] pnp: PnP ACPI: found 7 devices
<6>[    0.311260] clocksource: acpi_pm: mask: 0xffffff max_cycles: 0xffffff, max_idle_ns: 2085701024 ns
<7>[    0.311538] pci 0000:00:15.3: bridge window [io  0x1000-0x0fff] to [bus 06] add_size 1000
<7>[    0.311584] pci 0000:00:15.4: bridge window [io  0x1000-0x0fff] to [bus 07] add_size 1000
<7>[    0.311679] pci 0000:00:15.5: bridge window [io  0x1000-0x0fff] to [bus 08] add_size 1000
<7>[    0.311734] pci 0000:00:15.6: bridge window [io  0x1000-0x0fff] to [bus 09] add_size 1000
<7>[    0.311789] pci 0000:00:15.7: bridge window [io  0x1000-0x0fff] to [bus 0a] add_size 1000
<7>[    0.311965] pci 0000:00:16.3: bridge window [io  0x1000-0x0fff] to [bus 0e] add_size 1000
<7>[    0.312019] pci 0000:00:16.4: bridge window [io  0x1000-0x0fff] to [bus 0f] add_size 1000
<7>[    0.312064] pci 0000:00:16.5: bridge window [io  0x1000-0x0fff] to [bus 10] add_size 1000
<7>[    0.312110] pci 0000:00:16.6: bridge window [io  0x1000-0x0fff] to [bus 11] add_size 1000
<7>[    0.312198] pci 0000:00:16.7: bridge window [io  0x1000-0x0fff] to [bus 12] add_size 1000
<7>[    0.312376] pci 0000:00:17.3: bridge window [io  0x1000-0x0fff] to [bus 16] add_size 1000
<7>[    0.312421] pci 0000:00:17.4: bridge window [io  0x1000-0x0fff] to [bus 17] add_size 1000
<7>[    0.312466] pci 0000:00:17.5: bridge window [io  0x1000-0x0fff] to [bus 18] add_size 1000
<7>[    0.312510] pci 0000:00:17.6: bridge window [io  0x1000-0x0fff] to [bus 19] add_size 1000
<7>[    0.312555] pci 0000:00:17.7: bridge window [io  0x1000-0x0fff] to [bus 1a] add_size 1000
<7>[    0.312688] pci 0000:00:18.2: bridge window [io  0x1000-0x0fff] to [bus 1d] add_size 1000
<7>[    0.312734] pci 0000:00:18.3: bridge window [io  0x1000-0x0fff] to [bus 1e] add_size 1000
<7>[    0.312779] pci 0000:00:18.4: bridge window [io  0x1000-0x0fff] to [bus 1f] add_size 1000
<7>[    0.312824] pci 0000:00:18.5: bridge window [io  0x1000-0x0fff] to [bus 20] add_size 1000
<7>[    0.312869] pci 0000:00:18.6: bridge window [io  0x1000-0x0fff] to [bus 21] add_size 1000
<7>[    0.312914] pci 0000:00:18.7: bridge window [io  0x1000-0x0fff] to [bus 22] add_size 1000
<6>[    0.312947] pci 0000:00:0f.0: BAR 6: assigned [mem 0xc0000000-0xc0007fff pref]
<6>[    0.312948] pci 0000:00:10.0: BAR 6: assigned [mem 0xc0008000-0xc000bfff pref]
<6>[    0.312951] pci 0000:00:15.3: BAR 13: no space for [io  size 0x1000]
<6>[    0.312952] pci 0000:00:15.3: BAR 13: failed to assign [io  size 0x1000]
<6>[    0.312953] pci 0000:00:15.4: BAR 13: no space for [io  size 0x1000]
<6>[    0.312954] pci 0000:00:15.4: BAR 13: failed to assign [io  size 0x1000]
<6>[    0.312955] pci 0000:00:15.5: BAR 13: no space for [io  size 0x1000]
<6>[    0.312955] pci 0000:00:15.5: BAR 13: failed to assign [io  size 0x1000]
<6>[    0.312956] pci 0000:00:15.6: BAR 13: no space for [io  size 0x1000]
<6>[    0.312957] pci 0000:00:15.6: BAR 13: failed to assign [io  size 0x1000]
<6>[    0.312958] pci 0000:00:15.7: BAR 13: no space for [io  size 0x1000]
<6>[    0.312959] pci 0000:00:15.7: BAR 13: failed to assign [io  size 0x1000]
<6>[    0.312960] pci 0000:00:16.3: BAR 13: no space for [io  size 0x1000]
<6>[    0.312960] pci 0000:00:16.3: BAR 13: failed to assign [io  size 0x1000]
<6>[    0.312961] pci 0000:00:16.4: BAR 13: no space for [io  size 0x1000]
<6>[    0.312962] pci 0000:00:16.4: BAR 13: failed to assign [io  size 0x1000]
<6>[    0.312963] pci 0000:00:16.5: BAR 13: no space for [io  size 0x1000]
<6>[    0.312963] pci 0000:00:16.5: BAR 13: failed to assign [io  size 0x1000]
<6>[    0.312964] pci 0000:00:16.6: BAR 13: no space for [io  size 0x1000]
<6>[    0.312965] pci 0000:00:16.6: BAR 13: failed to assign [io  size 0x1000]
<6>[    0.312966] pci 0000:00:16.7: BAR 13: no space for [io  size 0x1000]
<6>[    0.312966] pci 0000:00:16.7: BAR 13: failed to assign [io  size 0x1000]
<6>[    0.312967] pci 0000:00:17.3: BAR 13: no space for [io  size 0x1000]
<6>[    0.312968] pci 0000:00:17.3: BAR 13: failed to assign [io  size 0x1000]
<6>[    0.312969] pci 0000:00:17.4: BAR 13: no space for [io  size 0x1000]
<6>[    0.312969] pci 0000:00:17.4: BAR 13: failed to assign [io  size 0x1000]
<6>[    0.312970] pci 0000:00:17.5: BAR 13: no space for [io  size 0x1000]
<6>[    0.312971] pci 0000:00:17.5: BAR 13: failed to assign [io  size 0x1000]
<6>[    0.312972] pci 0000:00:17.6: BAR 13: no space for [io  size 0x1000]
<6>[    0.312972] pci 0000:00:17.6: BAR 13: failed to assign [io  size 0x1000]
<6>[    0.312973] pci 0000:00:17.7: BAR 13: no space for [io  size 0x1000]
<6>[    0.312974] pci 0000:00:17.7: BAR 13: failed to assign [io  size 0x1000]
<6>[    0.312975] pci 0000:00:18.2: BAR 13: no space for [io  size 0x1000]
<6>[    0.312975] pci 0000:00:18.2: BAR 13: failed to assign [io  size 0x1000]
<6>[    0.312976] pci 0000:00:18.3: BAR 13: no space for [io  size 0x1000]
<6>[    0.312977] pci 0000:00:18.3: BAR 13: failed to assign [io  size 0x1000]
<6>[    0.312978] pci 0000:00:18.4: BAR 13: no space for [io  size 0x1000]
<6>[    0.312978] pci 0000:00:18.4: BAR 13: failed to assign [io  size 0x1000]
<6>[    0.312979] pci 0000:00:18.5: BAR 13: no space for [io  size 0x1000]
<6>[    0.312980] pci 0000:00:18.5: BAR 13: failed to assign [io  size 0x1000]
<6>[    0.312981] pci 0000:00:18.6: BAR 13: no space for [io  size 0x1000]
<6>[    0.312981] pci 0000:00:18.6: BAR 13: failed to assign [io  size 0x1000]
<6>[    0.312982] pci 0000:00:18.7: BAR 13: no space for [io  size 0x1000]
<6>[    0.312983] pci 0000:00:18.7: BAR 13: failed to assign [io  size 0x1000]
<6>[    0.312985] pci 0000:00:18.7: BAR 13: no space for [io  size 0x1000]
<6>[    0.312986] pci 0000:00:18.7: BAR 13: failed to assign [io  size 0x1000]
<6>[    0.312987] pci 0000:00:18.6: BAR 13: no space for [io  size 0x1000]
<6>[    0.312988] pci 0000:00:18.6: BAR 13: failed to assign [io  size 0x1000]
<6>[    0.312989] pci 0000:00:18.5: BAR 13: no space for [io  size 0x1000]
<6>[    0.312989] pci 0000:00:18.5: BAR 13: failed to assign [io  size 0x1000]
<6>[    0.312990] pci 0000:00:18.4: BAR 13: no space for [io  size 0x1000]
<6>[    0.312991] pci 0000:00:18.4: BAR 13: failed to assign [io  size 0x1000]
<6>[    0.312992] pci 0000:00:18.3: BAR 13: no space for [io  size 0x1000]
<6>[    0.312992] pci 0000:00:18.3: BAR 13: failed to assign [io  size 0x1000]
<6>[    0.312993] pci 0000:00:18.2: BAR 13: no space for [io  size 0x1000]
<6>[    0.312994] pci 0000:00:18.2: BAR 13: failed to assign [io  size 0x1000]
<6>[    0.312995] pci 0000:00:17.7: BAR 13: no space for [io  size 0x1000]
<6>[    0.312995] pci 0000:00:17.7: BAR 13: failed to assign [io  size 0x1000]
<6>[    0.312996] pci 0000:00:17.6: BAR 13: no space for [io  size 0x1000]
<6>[    0.312997] pci 0000:00:17.6: BAR 13: failed to assign [io  size 0x1000]
<6>[    0.312998] pci 0000:00:17.5: BAR 13: no space for [io  size 0x1000]
<6>[    0.312998] pci 0000:00:17.5: BAR 13: failed to assign [io  size 0x1000]
<6>[    0.312999] pci 0000:00:17.4: BAR 13: no space for [io  size 0x1000]
<6>[    0.313000] pci 0000:00:17.4: BAR 13: failed to assign [io  size 0x1000]
<6>[    0.313000] pci 0000:00:17.3: BAR 13: no space for [io  size 0x1000]
<6>[    0.313001] pci 0000:00:17.3: BAR 13: failed to assign [io  size 0x1000]
<6>[    0.313002] pci 0000:00:16.7: BAR 13: no space for [io  size 0x1000]
<6>[    0.313003] pci 0000:00:16.7: BAR 13: failed to assign [io  size 0x1000]
<6>[    0.313003] pci 0000:00:16.6: BAR 13: no space for [io  size 0x1000]
<6>[    0.313004] pci 0000:00:16.6: BAR 13: failed to assign [io  size 0x1000]
<6>[    0.313005] pci 0000:00:16.5: BAR 13: no space for [io  size 0x1000]
<6>[    0.313006] pci 0000:00:16.5: BAR 13: failed to assign [io  size 0x1000]
<6>[    0.313007] pci 0000:00:16.4: BAR 13: no space for [io  size 0x1000]
<6>[    0.313007] pci 0000:00:16.4: BAR 13: failed to assign [io  size 0x1000]
<6>[    0.313008] pci 0000:00:16.3: BAR 13: no space for [io  size 0x1000]
